Component: ARM Compiler 5.06 update 7 (build 960) Tool: armlink [4d3601]

==============================================================================

Section Cross References

    startup_stm32f103xb.o(STACK) refers (Special) to heapauxi.o(.text) for __use_two_region_memory
    startup_stm32f103xb.o(HEAP) refers (Special) to heapauxi.o(.text) for __use_two_region_memory
    startup_stm32f103xb.o(RESET) refers (Special) to heapauxi.o(.text) for __use_two_region_memory
    startup_stm32f103xb.o(RESET) refers to startup_stm32f103xb.o(STACK) for __initial_sp
    startup_stm32f103xb.o(RESET) refers to startup_stm32f103xb.o(.text) for Reset_Handler
    startup_stm32f103xb.o(RESET) refers to stm32f1xx_it.o(i.NMI_Handler) for NMI_Handler
    startup_stm32f103xb.o(RESET) refers to stm32f1xx_it.o(i.HardFault_Handler) for HardFault_Handler
    startup_stm32f103xb.o(RESET) refers to stm32f1xx_it.o(i.MemManage_Handler) for MemManage_Handler
    startup_stm32f103xb.o(RESET) refers to stm32f1xx_it.o(i.BusFault_Handler) for BusFault_Handler
    startup_stm32f103xb.o(RESET) refers to stm32f1xx_it.o(i.UsageFault_Handler) for UsageFault_Handler
    startup_stm32f103xb.o(RESET) refers to port.o(.emb_text) for SVC_Handler
    startup_stm32f103xb.o(RESET) refers to stm32f1xx_it.o(i.DebugMon_Handler) for DebugMon_Handler
    startup_stm32f103xb.o(RESET) refers to port.o(i.SysTick_Handler) for SysTick_Handler
    startup_stm32f103xb.o(RESET) refers to stm32f1xx_it.o(i.TIM1_UP_IRQHandler) for TIM1_UP_IRQHandler
    startup_stm32f103xb.o(RESET) refers to stm32f1xx_it.o(i.USART1_IRQHandler) for USART1_IRQHandler
    startup_stm32f103xb.o(.text) refers (Special) to heapauxi.o(.text) for __use_two_region_memory
    startup_stm32f103xb.o(.text) refers to system_stm32f1xx.o(i.SystemInit) for SystemInit
    startup_stm32f103xb.o(.text) refers to __main.o(!!!main) for __main
    startup_stm32f103xb.o(.text) refers to startup_stm32f103xb.o(HEAP) for Heap_Mem
    startup_stm32f103xb.o(.text) refers to startup_stm32f103xb.o(STACK) for Stack_Mem
    main.o(i.HAL_TIM_PeriodElapsedCallback) refers to stm32f1xx_hal.o(i.HAL_IncTick) for HAL_IncTick
    main.o(i.SystemClock_Config) refers to rt_memclr_w.o(.text) for __aeabi_memclr4
    main.o(i.SystemClock_Config) refers to stm32f1xx_hal_rcc.o(i.HAL_RCC_OscConfig) for HAL_RCC_OscConfig
    main.o(i.SystemClock_Config) refers to stm32f1xx_hal_rcc.o(i.HAL_RCC_ClockConfig) for HAL_RCC_ClockConfig
    main.o(i.main) refers to _printf_pad.o(.text) for _printf_pre_padding
    main.o(i.main) refers to _printf_percent.o(.ARM.Collect$$_printf_percent$$00000000) for _printf_percent
    main.o(i.main) refers to _printf_x.o(.ARM.Collect$$_printf_percent$$0000000C) for _printf_x
    main.o(i.main) refers to _printf_hex_int.o(.text) for _printf_longlong_hex
    main.o(i.main) refers to stm32f1xx_hal.o(i.HAL_Init) for HAL_Init
    main.o(i.main) refers to main.o(i.SystemClock_Config) for SystemClock_Config
    main.o(i.main) refers to gpio.o(i.MX_GPIO_Init) for MX_GPIO_Init
    main.o(i.main) refers to spi.o(i.MX_SPI1_Init) for MX_SPI1_Init
    main.o(i.main) refers to usart.o(i.MX_USART1_UART_Init) for MX_USART1_UART_Init
    main.o(i.main) refers to bsp_uart.o(i.BSP_UART_Init) for BSP_UART_Init
    main.o(i.main) refers to bsp_uart.o(i.BSP_UART_SendString) for BSP_UART_SendString
    main.o(i.main) refers to bsp_flash.o(i.BSP_Flash_Init) for BSP_Flash_Init
    main.o(i.main) refers to freertos.o(i.MX_FREERTOS_Init) for MX_FREERTOS_Init
    main.o(i.main) refers to cmsis_os.o(i.osKernelStart) for osKernelStart
    main.o(i.main) refers to bsp_flash.o(i.BSP_Flash_ReadJEDECID) for BSP_Flash_ReadJEDECID
    main.o(i.main) refers to noretval__2snprintf.o(.text) for __2snprintf
    gpio.o(i.MX_GPIO_Init) refers to stm32f1xx_hal_gpio.o(i.HAL_GPIO_WritePin) for HAL_GPIO_WritePin
    gpio.o(i.MX_GPIO_Init) refers to stm32f1xx_hal_gpio.o(i.HAL_GPIO_Init) for HAL_GPIO_Init
    freertos.o(i.MX_FREERTOS_Init) refers to rt_memcpy_w.o(.text) for __aeabi_memcpy4
    freertos.o(i.MX_FREERTOS_Init) refers to cmsis_os.o(i.osThreadCreate) for osThreadCreate
    freertos.o(i.MX_FREERTOS_Init) refers to freertos.o(.constdata) for .constdata
    freertos.o(i.MX_FREERTOS_Init) refers to freertos.o(.data) for .data
    freertos.o(i.StartDefaultTask) refers to _printf_percent.o(.ARM.Collect$$_printf_percent$$00000000) for _printf_percent
    freertos.o(i.StartDefaultTask) refers to _printf_s.o(.ARM.Collect$$_printf_percent$$00000014) for _printf_s
    freertos.o(i.StartDefaultTask) refers to _printf_str.o(.text) for _printf_str
    freertos.o(i.StartDefaultTask) refers to _printf_pad.o(.text) for _printf_pre_padding
    freertos.o(i.StartDefaultTask) refers to _printf_x.o(.ARM.Collect$$_printf_percent$$0000000C) for _printf_x
    freertos.o(i.StartDefaultTask) refers to _printf_hex_int.o(.text) for _printf_longlong_hex
    freertos.o(i.StartDefaultTask) refers to _printf_d.o(.ARM.Collect$$_printf_percent$$00000009) for _printf_d
[...]
    i.StartDefaultTask                       0x08002088   Section        0  freertos.o(i.StartDefaultTask)
    i.SysTick_Handler                        0x0800245c   Section        0  port.o(i.SysTick_Handler)
    i.SystemClock_Config                     0x08002488   Section        0  main.o(i.SystemClock_Config)
    i.SystemInit                             0x080024e6   Section        0  system_stm32f1xx.o(i.SystemInit)
    i.TIM1_UP_IRQHandler                     0x080024e8   Section        0  stm32f1xx_it.o(i.TIM1_UP_IRQHandler)
    i.TIM_Base_SetConfig                     0x080024f4   Section        0  stm32f1xx_hal_tim.o(i.TIM_Base_SetConfig)
    i.UART_DMAAbortOnError                   0x0800256c   Section        0  stm32f1xx_hal_uart.o(i.UART_DMAAbortOnError)
    UART_DMAAbortOnError                     0x0800256d   Thumb Code    16  stm32f1xx_hal_uart.o(i.UART_DMAAbortOnError)
    i.UART_EndRxTransfer                     0x0800257c   Section        0  stm32f1xx_hal_uart.o(i.UART_EndRxTransfer)
    UART_EndRxTransfer                       0x0800257d   Thumb Code    78  stm32f1xx_hal_uart.o(i.UART_EndRxTransfer)
    i.UART_Receive_IT                        0x080025ca   Section        0  stm32f1xx_hal_uart.o(i.UART_Receive_IT)
    UART_Receive_IT                          0x080025cb   Thumb Code   194  stm32f1xx_hal_uart.o(i.UART_Receive_IT)
    i.UART_SetConfig                         0x0800268c   Section        0  stm32f1xx_hal_uart.o(i.UART_SetConfig)
    UART_SetConfig                           0x0800268d   Thumb Code   178  stm32f1xx_hal_uart.o(i.UART_SetConfig)
    i.UART_Start_Receive_IT                  0x08002744   Section        0  stm32f1xx_hal_uart.o(i.UART_Start_Receive_IT)
    i.UART_WaitOnFlagUntilTimeout            0x0800277a   Section        0  stm32f1xx_hal_uart.o(i.UART_WaitOnFlagUntilTimeout)
    UART_WaitOnFlagUntilTimeout              0x0800277b   Thumb Code   114  stm32f1xx_hal_uart.o(i.UART_WaitOnFlagUntilTimeout)
    i.USART1_IRQHandler                      0x080027ec   Section        0  stm32f1xx_it.o(i.USART1_IRQHandler)
    i.UsageFault_Handler                     0x080027f8   Section        0  stm32f1xx_it.o(i.UsageFault_Handler)
    i.Utils_CRC32_Calc                       0x080027fc   Section        0  utils.o(i.Utils_CRC32_Calc)
    i.Utils_CRC32_Verify                     0x08002824   Section        0  utils.o(i.Utils_CRC32_Verify)
    i.Utils_IntToStr                         0x08002838   Section        0  utils.o(i.Utils_IntToStr)
    i.Utils_StrSplit                         0x08002896   Section        0  utils.o(i.Utils_StrSplit)
    i.Utils_StrToInt                         0x080028d6   Section        0  utils.o(i.Utils_StrToInt)
    i.Utils_StrTrim                          0x0800291c   Section        0  utils.o(i.Utils_StrTrim)
    i.__NVIC_SetPriority                     0x0800297c   Section        0  stm32f1xx_hal_cortex.o(i.__NVIC_SetPriority)
    __NVIC_SetPriority                       0x0800297d   Thumb Code    32  stm32f1xx_hal_cortex.o(i.__NVIC_SetPriority)
    i._is_digit                              0x0800299c   Section        0  __printf_wp.o(i._is_digit)
    i.main                                   0x080029ac   Section        0  main.o(i.main)
    i.makeFreeRtosPriority                   0x08002a9c   Section        0  cmsis_os.o(i.makeFreeRtosPriority)
    makeFreeRtosPriority                     0x08002a9d   Thumb Code    12  cmsis_os.o(i.makeFreeRtosPriority)
    i.osDelay                                0x08002aa8   Section        0  cmsis_os.o(i.osDelay)
    i.osKernelStart                          0x08002ab6   Section        0  cmsis_os.o(i.osKernelStart)
    i.osThreadCreate                         0x08002ac0   Section        0  cmsis_os.o(i.osThreadCreate)
    i.prvAddCurrentTaskToDelayedList         0x08002b14   Section        0  tasks.o(i.prvAddCurrentTaskToDelayedList)
    prvAddCurrentTaskToDelayedList           0x08002b15   Thumb Code   102  tasks.o(i.prvAddCurrentTaskToDelayedList)
    i.prvAddNewTaskToReadyList               0x08002b84   Section        0  tasks.o(i.prvAddNewTaskToReadyList)
    prvAddNewTaskToReadyList                 0x08002b85   Thumb Code   196  tasks.o(i.prvAddNewTaskToReadyList)
    i.prvCheckForValidListAndQueue           0x08002c54   Section        0  timers.o(i.prvCheckForValidListAndQueue)
    prvCheckForValidListAndQueue             0x08002c55   Thumb Code    72  timers.o(i.prvCheckForValidListAndQueue)
    i.prvCopyDataFromQueue                   0x08002cac   Section        0  queue.o(i.prvCopyDataFromQueue)
    prvCopyDataFromQueue                     0x08002cad   Thumb Code    38  queue.o(i.prvCopyDataFromQueue)
    i.prvCopyDataToQueue                     0x08002cd2   Section        0  queue.o(i.prvCopyDataToQueue)
    prvCopyDataToQueue                       0x08002cd3   Thumb Code   108  queue.o(i.prvCopyDataToQueue)
    i.prvDeleteTCB                           0x08002d3e   Section        0  tasks.o(i.prvDeleteTCB)
    prvDeleteTCB                             0x08002d3f   Thumb Code    52  tasks.o(i.prvDeleteTCB)
    i.prvHeapInit                            0x08002d74   Section        0  heap_4.o(i.prvHeapInit)
    prvHeapInit                              0x08002d75   Thumb Code    66  heap_4.o(i.prvHeapInit)
    i.prvIdleTask                            0x08002dc0   Section        0  tasks.o(i.prvIdleTask)
    prvIdleTask                              0x08002dc1   Thumb Code    82  tasks.o(i.prvIdleTask)
    i.prvInitialiseNewQueue                  0x08002e20   Section        0  queue.o(i.prvInitialiseNewQueue)
    prvInitialiseNewQueue                    0x08002e21   Thumb Code    34  queue.o(i.prvInitialiseNewQueue)
    i.prvInitialiseNewTask                   0x08002e44   Section        0  tasks.o(i.prvInitialiseNewTask)
    prvInitialiseNewTask                     0x08002e45   Thumb Code   176  tasks.o(i.prvInitialiseNewTask)
    i.prvInsertBlockIntoFreeList             0x08002ef4   Section        0  heap_4.o(i.prvInsertBlockIntoFreeList)
    prvInsertBlockIntoFreeList               0x08002ef5   Thumb Code    72  heap_4.o(i.prvInsertBlockIntoFreeList)
    i.prvInsertTimerInActiveList             0x08002f40   Section        0  timers.o(i.prvInsertTimerInActiveList)
    prvInsertTimerInActiveList               0x08002f41   Thumb Code    52  timers.o(i.prvInsertTimerInActiveList)
    i.prvIsQueueEmpty                        0x08002f78   Section        0  queue.o(i.prvIsQueueEmpty)
    prvIsQueueEmpty                          0x08002f79   Thumb Code    28  queue.o(i.prvIsQueueEmpty)
    i.prvProcessReceivedCommands             0x08002f94   Section        0  timers.o(i.prvProcessReceivedCommands)
    prvProcessReceivedCommands               0x08002f95   Thumb Code   234  timers.o(i.prvProcessReceivedCommands)
    i.prvProcessTimerOrBlockTask             0x08003084   Section        0  timers.o(i.prvProcessTimerOrBlockTask)
    prvProcessTimerOrBlockTask               0x08003085   Thumb Code   182  timers.o(i.prvProcessTimerOrBlockTask)
    i.prvResetNextTaskUnblockTime            0x08003144   Section        0  tasks.o(i.prvResetNextTaskUnblockTime)
    prvResetNextTaskUnblockTime              0x08003145   Thumb Code    26  tasks.o(i.prvResetNextTaskUnblockTime)
    i.prvSampleTimeNow                       0x08003164   Section        0  timers.o(i.prvSampleTimeNow)
    prvSampleTimeNow                         0x08003165   Thumb Code    36  timers.o(i.prvSampleTimeNow)
    i.prvSwitchTimerLists                    0x0800318c   Section        0  timers.o(i.prvSwitchTimerLists)
    prvSwitchTimerLists                      0x0800318d   Thumb Code   104  timers.o(i.prvSwitchTimerLists)
    i.prvTaskExitError                       0x080031f8   Section        0  port.o(i.prvTaskExitError)
    prvTaskExitError                         0x080031f9   Thumb Code    36  port.o(i.prvTaskExitError)
    i.prvTimerTask                           0x08003220   Section        0  timers.o(i.prvTimerTask)
    prvTimerTask                             0x08003221   Thumb Code    32  timers.o(i.prvTimerTask)
    i.prvUnlockQueue                         0x08003244   Section        0  queue.o(i.prvUnlockQueue)
    prvUnlockQueue                           0x08003245   Thumb Code   106  queue.o(i.prvUnlockQueue)
    i.pvPortMalloc                           0x080032b0   Section        0  heap_4.o(i.pvPortMalloc)
    i.pxPortInitialiseStack                  0x08003398   Section        0  port.o(i.pxPortInitialiseStack)
    i.uxListRemove                           0x080033bc   Section        0  list.o(i.uxListRemove)
    i.vApplicationGetIdleTaskMemory          0x080033e4   Section        0  freertos.o(i.vApplicationGetIdleTaskMemory)
    i.vApplicationGetTimerTaskMemory         0x080033f8   Section        0  freertos.o(i.vApplicationGetTimerTaskMemory)
    i.vApplicationMallocFailedHook           0x08003410   Section        0  freertos.o(i.vApplicationMallocFailedHook)
    i.vApplicationStackOverflowHook          0x08003412   Section        0  freertos.o(i.vApplicationStackOverflowHook)
    i.vListInitialise                        0x08003414   Section        0  list.o(i.vListInitialise)
    i.vListInitialiseItem                    0x0800342a   Section        0  list.o(i.vListInitialiseItem)
    i.vListInsert                            0x08003430   Section        0  list.o(i.vListInsert)
    i.vListInsertEnd                         0x08003460   Section        0  list.o(i.vListInsertEnd)
    i.vPortEnterCritical                     0x08003478   Section        0  port.o(i.vPortEnterCritical)
    i.vPortExitCritical                      0x080034b8   Section        0  port.o(i.vPortExitCritical)
    i.vPortFree                              0x080034e0   Section        0  heap_4.o(i.vPortFree)
    i.vPortSetupTimerInterrupt               0x08003544   Section        0  port.o(i.vPortSetupTimerInterrupt)
    i.vPortValidateInterruptPriority         0x08003568   Section        0  port.o(i.vPortValidateInterruptPriority)
    i.vQueueAddToRegistry                    0x080035bc   Section        0  queue.o(i.vQueueAddToRegistry)
    i.vQueueWaitForMessageRestricted         0x080035e4   Section        0  queue.o(i.vQueueWaitForMessageRestricted)
    i.vTaskDelay                             0x08003628   Section        0  tasks.o(i.vTaskDelay)
    i.vTaskInternalSetTimeOutState           0x08003674   Section        0  tasks.o(i.vTaskInternalSetTimeOutState)
    i.vTaskMissedYield                       0x08003684   Section        0  tasks.o(i.vTaskMissedYield)
    i.vTaskPlaceOnEventList                  0x08003690   Section        0  tasks.o(i.vTaskPlaceOnEventList)
    i.vTaskPlaceOnEventListRestricted        0x080036c0   Section        0  tasks.o(i.vTaskPlaceOnEventListRestricted)
    i.vTaskStartScheduler                    0x080036f8   Section        0  tasks.o(i.vTaskStartScheduler)
    i.vTaskSuspendAll                        0x08003780   Section        0  tasks.o(i.vTaskSuspendAll)
    i.vTaskSwitchContext                     0x08003790   Section        0  tasks.o(i.vTaskSwitchContext)
    i.xPortStartScheduler                    0x08003818   Section        0  port.o(i.xPortStartScheduler)
    i.xQueueGenericCreateStatic              0x080038c0   Section        0  queue.o(i.xQueueGenericCreateStatic)
    i.xQueueGenericReset                     0x08003928   Section        0  queue.o(i.xQueueGenericReset)
    i.xQueueGenericSend                      0x080039b0   Section        0  queue.o(i.xQueueGenericSend)
    i.xQueueGenericSendFromISR               0x08003b10   Section        0  queue.o(i.xQueueGenericSendFromISR)
    i.xQueueReceive                          0x08003bd0   Section        0  queue.o(i.xQueueReceive)
    i.xTaskCheckForTimeOut                   0x08003d08   Section        0  tasks.o(i.xTaskCheckForTimeOut)
    i.xTaskCreate                            0x08003d7c   Section        0  tasks.o(i.xTaskCreate)
    i.xTaskCreateStatic                      0x08003dd6   Section        0  tasks.o(i.xTaskCreateStatic)
    i.xTaskGetSchedulerState                 0x08003e2c   Section        0  tasks.o(i.xTaskGetSchedulerState)
    i.xTaskGetTickCount                      0x08003e48   Section        0  tasks.o(i.xTaskGetTickCount)
    i.xTaskIncrementTick                     0x08003e54   Section        0  tasks.o(i.xTaskIncrementTick)
    i.xTaskPriorityDisinherit                0x08003f20   Section        0  tasks.o(i.xTaskPriorityDisinherit)
    i.xTaskRemoveFromEventList               0x08003fb8   Section        0  tasks.o(i.xTaskRemoveFromEventList)
    i.xTaskResumeAll                         0x0800402c   Section        0  tasks.o(i.xTaskResumeAll)
    i.xTimerCreateTimerTask                  0x080040f0   Section        0  timers.o(i.xTimerCreateTimerTask)
    i.xTimerGenericCommand                   0x08004150   Section        0  timers.o(i.xTimerGenericCommand)
    .constdata                               0x080041b0   Section       44  freertos.o(.constdata)
    .constdata                               0x080041dc   Section     1024  utils.o(.constdata)
    crc32_table                              0x080041dc   Data        1024  utils.o(.constdata)
    .constdata                               0x080045dc   Section       18  stm32f1xx_hal_rcc.o(.constdata)
    aPredivFactorTable                       0x080045dc   Data           2  stm32f1xx_hal_rcc.o(.constdata)
    aPLLMULFactorTable                       0x080045de   Data          16  stm32f1xx_hal_rcc.o(.constdata)
    .constdata                               0x080045ee   Section       16  system_stm32f1xx.o(.constdata)
    .constdata                               0x080045fe   Section        8  system_stm32f1xx.o(.constdata)
    .constdata                               0x08004606   Section       40  _printf_hex_int.o(.constdata)
    uc_hextab                                0x08004606   Data          20  _printf_hex_int.o(.constdata)
    lc_hextab                                0x0800461a   Data          20  _printf_hex_int.o(.constdata)
    .constdata                               0x0800462e   Section       17  __printf_flags_ss_wp.o(.constdata)
    maptable                                 0x0800462e   Data          17  __printf_flags_ss_wp.o(.constdata)
    .conststring                             0x08004640   Section       12  freertos.o(.conststring)
    .data                                    0x20000000   Section        4  freertos.o(.data)
    .data                                    0x20000004   Section        1  bsp_uart.o(.data)
    uart_rx_byte                             0x20000004   Data           1  bsp_uart.o(.data)
    .data                                    0x20000008   Section       12  stm32f1xx_hal.o(.data)
    .data                                    0x20000014   Section        4  system_stm32f1xx.o(.data)
    .data                                    0x20000018   Section       60  tasks.o(.data)
    uxDeletedTasksWaitingCleanUp             0x2000001c   Data           4  tasks.o(.data)
    uxCurrentNumberOfTasks                   0x20000020   Data           4  tasks.o(.data)
    xTickCount                               0x20000024   Data           4  tasks.o(.data)
    uxTopReadyPriority                       0x20000028   Data           4  tasks.o(.data)
    xSchedulerRunning                        0x2000002c   Data           4  tasks.o(.data)
    xPendedTicks                             0x20000030   Data           4  tasks.o(.data)
    xYieldPending                            0x20000034   Data           4  tasks.o(.data)
    xNumOfOverflows                          0x20000038   Data           4  tasks.o(.data)
    uxTaskNumber                             0x2000003c   Data           4  tasks.o(.data)
    xNextTaskUnblockTime                     0x20000040   Data           4  tasks.o(.data)
    xIdleTaskHandle                          0x20000044   Data           4  tasks.o(.data)
    uxSchedulerSuspended                     0x20000048   Data           4  tasks.o(.data)
    pxDelayedTaskList                        0x2000004c   Data           4  tasks.o(.data)
    pxOverflowDelayedTaskList                0x20000050   Data           4  tasks.o(.data)
    .data                                    0x20000054   Section       20  timers.o(.data)
    xTimerQueue                              0x20000054   Data           4  timers.o(.data)
    xTimerTaskHandle                         0x20000058   Data           4  timers.o(.data)
    xLastTime                                0x2000005c   Data           4  timers.o(.data)
    pxCurrentTimerList                       0x20000060   Data           4  timers.o(.data)
    pxOverflowTimerList                      0x20000064   Data           4  timers.o(.data)
    .data                                    0x20000068   Section       32  heap_4.o(.data)
    pxEnd                                    0x20000068   Data           4  heap_4.o(.data)
    xFreeBytesRemaining                      0x2000006c   Data           4  heap_4.o(.data)
    xMinimumEverFreeBytesRemaining           0x20000070   Data           4  heap_4.o(.data)
    xNumberOfSuccessfulAllocations           0x20000074   Data           4  heap_4.o(.data)
    xNumberOfSuccessfulFrees                 0x20000078   Data           4  heap_4.o(.data)
    xBlockAllocatedBit                       0x2000007c   Data           4  heap_4.o(.data)
    xStart                                   0x20000080   Data           8  heap_4.o(.data)
    .data                                    0x20000088   Section       12  port.o(.data)
    ucMaxSysCallPriority                     0x20000088   Data           1  port.o(.data)
    uxCriticalNesting                        0x2000008c   Data           4  port.o(.data)
    ulMaxPRIGROUPValue                       0x20000090   Data           4  port.o(.data)
    .bss                                     0x20000094   Section     1720  freertos.o(.bss)
    xIdleTaskTCBBuffer                       0x20000094   Data          92  freertos.o(.bss)
    xIdleStack                               0x200000f0   Data         512  freertos.o(.bss)
    xTimerTaskTCBBuffer                      0x200002f0   Data          92  freertos.o(.bss)
    xTimerStack                              0x2000034c   Data        1024  freertos.o(.bss)
    .bss                                     0x2000074c   Section       88  spi.o(.bss)
    .bss                                     0x200007a4   Section       72  usart.o(.bss)
    .bss                                     0x200007ec   Section       72  stm32f1xx_hal_timebase_tim.o(.bss)
    .bss                                     0x20000834   Section      262  bsp_uart.o(.bss)
    .bss                                     0x2000093c   Section       64  queue.o(.bss)
    .bss                                     0x2000097c   Section      240  tasks.o(.bss)
    pxReadyTasksLists                        0x2000097c   Data         140  tasks.o(.bss)
    xDelayedTaskList1                        0x20000a08   Data          20  tasks.o(.bss)
    xDelayedTaskList2                        0x20000a1c   Data          20  tasks.o(.bss)
    xPendingReadyList                        0x20000a30   Data          20  tasks.o(.bss)
    xTasksWaitingTermination                 0x20000a44   Data          20  tasks.o(.bss)
    xSuspendedTaskList                       0x20000a58   Data          20  tasks.o(.bss)
    .bss                                     0x20000a6c   Section      240  timers.o(.bss)
    xStaticTimerQueue                        0x20000a6c   Data          80  timers.o(.bss)
    ucStaticTimerQueueStorage                0x20000abc   Data         120  timers.o(.bss)
    xActiveTimerList1                        0x20000b34   Data          20  timers.o(.bss)
    xActiveTimerList2                        0x20000b48   Data          20  timers.o(.bss)
    .bss                                     0x20000b5c   Section    10240  heap_4.o(.bss)
    ucHeap                                   0x20000b5c   Data       10240  heap_4.o(.bss)
    .bss                                     0x2000335c   Section       96  libspace.o(.bss)
    HEAP                                     0x200033c0   Section      512  startup_stm32f103xb.o(HEAP)
    Heap_Mem                                 0x200033c0   Data         512  startup_stm32f103xb.o(HEAP)
    STACK                                    0x200035c0   Section     1024  startup_stm32f103xb.o(STACK)
    Stack_Mem                                0x200035c0   Data        1024  startup_stm32f103xb.o(STACK)
    __initial_sp                             0x200039c0   Data           0  startup_stm32f103xb.o(STACK)

    Global Symbols

    Symbol Name                              Value     Ov Type        Size  Object(Section)

    BuildAttributes$$THM_ISAv4$P$D$K$B$S$PE$A:L22UL41UL21$X:L11$S22US41US21$IEEE1$IW$USESV6$~STKCKD$USESV7$~SHL$OSPACE$ROPI$EBA8$UX$STANDARDLIB$REQ8$PRES8$EABIv2 0x00000000   Number         0  anon$$obj.o ABSOLUTE
    __ARM_use_no_argv                        0x00000000   Number         0  main.o ABSOLUTE
    _printf_flags                            0x00000000   Number         0  printf_stubs.o ABSOLUTE
    _printf_return_value                     0x00000000   Number         0  printf_stubs.o ABSOLUTE
    _printf_sizespec                         0x00000000   Number         0  printf_stubs.o ABSOLUTE
    _printf_widthprec                        0x00000000   Number         0  printf_stubs.o ABSOLUTE
    __ARM_exceptions_init                     - Undefined Weak Reference
    __alloca_initialize                       - Undefined Weak Reference
    __arm_fini_                               - Undefined Weak Reference
    __arm_preinit_                            - Undefined Weak Reference
    __cpp_initialize__aeabi_                  - Undefined Weak Reference
    __cxa_finalize                            - Undefined Weak Reference
    __rt_locale                               - Undefined Weak Reference
    __sigvec_lookup                           - Undefined Weak Reference
    _atexit_init                              - Undefined Weak Reference
    _call_atexit_fns                          - Undefined Weak Reference
    _clock_init                               - Undefined Weak Reference
    _fp_trap_init                             - Undefined Weak Reference
    _fp_trap_shutdown                         - Undefined Weak Reference
    _get_lc_collate                           - Undefined Weak Reference
    _get_lc_ctype                             - Undefined Weak Reference
    _get_lc_monetary                          - Undefined Weak Reference
    _get_lc_numeric                           - Undefined Weak Reference
    _get_lc_time                              - Undefined Weak Reference
    _getenv_init                              - Undefined Weak Reference
    _handle_redirection                       - Undefined Weak Reference
    _init_alloc                               - Undefined Weak Reference
    _init_user_alloc                          - Undefined Weak Reference
    _initio                                   - Undefined Weak Reference
    _printf_mbtowc                            - Undefined Weak Reference
    _printf_truncate_signed                   - Undefined Weak Reference
    _printf_truncate_unsigned                 - Undefined Weak Reference
    _rand_init                                - Undefined Weak Reference
    _signal_finish                            - Undefined Weak Reference
    _signal_init                              - Undefined Weak Reference
    _terminate_alloc                          - Undefined Weak Reference
    _terminate_user_alloc                     - Undefined Weak Reference
    _terminateio                              - Undefined Weak Reference
    __Vectors_Size                           0x000000ec   Number         0  startup_stm32f103xb.o ABSOLUTE
    __Vectors                                0x08000000   Data           4  startup_stm32f103xb.o(RESET)
    __Vectors_End                            0x080000ec   Data           0  startup_stm32f103xb.o(RESET)
    __main                                   0x080000ed   Thumb Code     8  __main.o(!!!main)
    __scatterload                            0x080000f5   Thumb Code     0  __scatter.o(!!!scatter)
    __scatterload_rt2                        0x080000f5   Thumb Code    44  __scatter.o(!!!scatter)
    __scatterload_rt2_thumb_only             0x080000f5   Thumb Code     0  __scatter.o(!!!scatter)
    __scatterload_null                       0x08000103   Thumb Code     0  __scatter.o(!!!scatter)
    __scatterload_copy                       0x08000129   Thumb Code    26  __scatter_copy.o(!!handler_copy)
    __scatterload_zeroinit                   0x08000145   Thumb Code    28  __scatter_zi.o(!!handler_zi)
    _printf_d                                0x08000161   Thumb Code     0  _printf_d.o(.ARM.Collect$$_printf_percent$$00000009)
    _printf_percent                          0x08000161   Thumb Code     0  _printf_percent.o(.ARM.Collect$$_printf_percent$$00000000)
    _printf_x                                0x08000167   Thumb Code     0  _printf_x.o(.ARM.Collect$$_printf_percent$$0000000C)
    _printf_s                                0x0800016d   Thumb Code     0  _printf_s.o(.ARM.Collect$$_printf_percent$$00000014)
    _printf_percent_end                      0x08000173   Thumb Code     0  _printf_percent_end.o(.ARM.Collect$$_printf_percent$$00000017)
    __rt_lib_init                            0x08000177   Thumb Code     0  libinit.o(.ARM.Collect$$libinit$$00000000)
    __rt_lib_init_alloca_1                   0x08000179   Thumb Code     0  libinit2.o(.ARM.Collect$$libinit$$0000002E)
    __rt_lib_init_argv_1                     0x08000179   Thumb Code     0  libinit2.o(.ARM.Collect$$libinit$$0000002C)
    __rt_lib_init_atexit_1                   0x08000179   Thumb Code     0  libinit2.o(.ARM.Collect$$libinit$$0000001B)
    __rt_lib_init_clock_1                    0x08000179   Thumb Code     0  libinit2.o(.ARM.Collect$$libinit$$00000021)
    __rt_lib_init_cpp_1                      0x08000179   Thumb Code     0  libinit2.o(.ARM.Collect$$libinit$$00000032)
    __rt_lib_init_exceptions_1               0x08000179   Thumb Code     0  libinit2.o(.ARM.Collect$$libinit$$00000030)
    __rt_lib_init_fp_1                       0x08000179   Thumb Code     0  libinit2.o(.ARM.Collect$$libinit$$00000002)
    __rt_lib_init_fp_trap_1                  0x08000179   Thumb Code     0  libinit2.o(.ARM.Collect$$libinit$$0000001F)
    __rt_lib_init_getenv_1                   0x08000179   Thumb Code     0  libinit2.o(.ARM.Collect$$libinit$$00000023)
    __rt_lib_init_heap_1                     0x08000179   Thumb Code     0  libinit2.o(.ARM.Collect$$libinit$$0000000A)
    __rt_lib_init_lc_collate_1               0x08000179   Thumb Code     0  libinit2.o(.ARM.Collect$$libinit$$00000011)
    __rt_lib_init_lc_ctype_1                 0x08000179   Thumb Code     0  libinit2.o(.ARM.Collect$$libinit$$00000013)
    __rt_lib_init_lc_monetary_1              0x08000179   Thumb Code     0  libinit2.o(.ARM.Collect$$libinit$$00000015)
    __rt_lib_init_lc_numeric_1               0x08000179   Thumb Code     0  libinit2.o(.ARM.Collect$$libinit$$00000017)
    __rt_lib_init_lc_time_1                  0x08000179   Thumb Code     0  libinit2.o(.ARM.Collect$$libinit$$00000019)
    __rt_lib_init_preinit_1                  0x08000179   Thumb Code     0  libinit2.o(.ARM.Collect$$libinit$$00000004)
    __rt_lib_init_rand_1                     0x08000179   Thumb Code     0  libinit2.o(.ARM.Collect$$libinit$$0000000E)
    __rt_lib_init_return                     0x08000179   Thumb Code     0  libinit2.o(.ARM.Collect$$libinit$$00000033)
    __rt_lib_init_signal_1                   0x08000179   Thumb Code     0  libinit2.o(.ARM.Collect$$libinit$$0000001D)
    __rt_lib_init_stdio_1                    0x08000179   Thumb Code     0  libinit2.o(.ARM.Collect$$libinit$$00000025)
    __rt_lib_init_user_alloc_1               0x08000179   Thumb Code     0  libinit2.o(.ARM.Collect$$libinit$$0000000C)
    __rt_lib_shutdown                        0x0800017b   Thumb Code     0  libshutdown.o(.ARM.Collect$$libshutdown$$00000000)
    __rt_lib_shutdown_cpp_1                  0x0800017d   Thumb Code     0  libshutdown2.o(.ARM.Collect$$libshutdown$$00000004)
    __rt_lib_shutdown_fini_1                 0x0800017d   Thumb Code     0  libshutdown2.o(.ARM.Collect$$libshutdown$$00000002)
    __rt_lib_shutdown_fp_trap_1              0x0800017d   Thumb Code     0  libshutdown2.o(.ARM.Collect$$libshutdown$$00000009)
    __rt_lib_shutdown_heap_1                 0x0800017d   Thumb Code     0  libshutdown2.o(.ARM.Collect$$libshutdown$$00000011)
    __rt_lib_shutdown_return                 0x0800017d   Thumb Code     0  libshutdown2.o(.ARM.Collect$$libshutdown$$00000012)
    __rt_lib_shutdown_signal_1               0x0800017d   Thumb Code     0  libshutdown2.o(.ARM.Collect$$libshutdown$$0000000C)
    __rt_lib_shutdown_stdio_1                0x0800017d   Thumb Code     0  libshutdown2.o(.ARM.Collect$$libshutdown$$00000006)
    __rt_lib_shutdown_user_alloc_1           0x0800017d   Thumb Code     0  libshutdown2.o(.ARM.Collect$$libshutdown$$0000000E)
    __rt_entry                               0x0800017f   Thumb Code     0  __rtentry.o(.ARM.Collect$$rtentry$$00000000)
    __rt_entry_presh_1                       0x0800017f   Thumb Code     0  __rtentry2.o(.ARM.Collect$$rtentry$$00000002)
    __rt_entry_sh                            0x0800017f   Thumb Code     0  __rtentry4.o(.ARM.Collect$$rtentry$$00000004)
    __rt_entry_li                            0x08000185   Thumb Code     0  __rtentry2.o(.ARM.Collect$$rtentry$$0000000A)
    __rt_entry_postsh_1                      0x08000185   Thumb Code     0  __rtentry2.o(.ARM.Collect$$rtentry$$00000009)
    __rt_entry_main                          0x08000189   Thumb Code     0  __rtentry2.o(.ARM.Collect$$rtentry$$0000000D)
    __rt_entry_postli_1                      0x08000189   Thumb Code     0  __rtentry2.o(.ARM.Collect$$rtentry$$0000000C)
    __rt_exit                                0x08000191   Thumb Code     0  rtexit.o(.ARM.Collect$$rtexit$$00000000)
    __rt_exit_ls                             0x08000193   Thumb Code     0  rtexit2.o(.ARM.Collect$$rtexit$$00000003)
    __rt_exit_prels_1                        0x08000193   Thumb Code     0  rtexit2.o(.ARM.Collect$$rtexit$$00000002)
    __rt_exit_exit                           0x08000197   Thumb Code     0  rtexit2.o(.ARM.Collect$$rtexit$$00000004)
    SVC_Handler                              0x0800019d   Thumb Code    32  port.o(.emb_text)
    __asm___6_port_c_39a90d8d__prvStartFirstTask 0x080001c1   Thumb Code    28  port.o(.emb_text)
    PendSV_Handler                           0x080001e1   Thumb Code    72  port.o(.emb_text)
    vPortGetIPSR                             0x0800022d   Thumb Code     6  port.o(.emb_text)
    Reset_Handler                            0x08000235   Thumb Code     8  startup_stm32f103xb.o(.text)
    ADC1_2_IRQHandler                        0x0800024f   Thumb Code     0  startup_stm32f103xb.o(.text)
    CAN1_RX1_IRQHandler                      0x0800024f   Thumb Code     0  startup_stm32f103xb.o(.text)
    CAN1_SCE_IRQHandler                      0x0800024f   Thumb Code     0  startup_stm32f103xb.o(.text)
    DMA1_Channel1_IRQHandler                 0x0800024f   Thumb Code     0  startup_stm32f103xb.o(.text)
    DMA1_Channel2_IRQHandler                 0x0800024f   Thumb Code     0  startup_stm32f103xb.o(.text)
    DMA1_Channel3_IRQHandler                 0x0800024f   Thumb Code     0  startup_stm32f103xb.o(.text)
    DMA1_Channel4_IRQHandler                 0x0800024f   Thumb Code     0  startup_stm32f103xb.o(.text)
    DMA1_Channel5_IRQHandler                 0x0800024f   Thumb Code     0  startup_stm32f103xb.o(.text)
    DMA1_Channel6_IRQHandler                 0x0800024f   Thumb Code     0  startup_stm32f103xb.o(.text)
    DMA1_Channel7_IRQHandler                 0x0800024f   Thumb Code     0  startup_stm32f103xb.o(.text)
    EXTI0_IRQHandler                         0x0800024f   Thumb Code     0  startup_stm32f103xb.o(.text)
    EXTI15_10_IRQHandler                     0x0800024f   Thumb Code     0  startup_stm32f103xb.o(.text)
    EXTI1_IRQHandler                         0x0800024f   Thumb Code     0  startup_stm32f103xb.o(.text)
    EXTI2_IRQHandler                         0x0800024f   Thumb Code     0  startup_stm32f103xb.o(.text)
    EXTI3_IRQHandler                         0x0800024f   Thumb Code     0  startup_stm32f103xb.o(.text)
    EXTI4_IRQHandler                         0x0800024f   Thumb Code     0  startup_stm32f103xb.o(.text)
    EXTI9_5_IRQHandler                       0x0800024f   Thumb Code     0  startup_stm32f103xb.o(.text)
    FLASH_IRQHandler                         0x0800024f   Thumb Code     0  startup_stm32f103xb.o(.text)
    I2C1_ER_IRQHandler                       0x0800024f   Thumb Code     0  startup_stm32f103xb.o(.text)
    I2C1_EV_IRQHandler                       0x0800024f   Thumb Code     0  startup_stm32f103xb.o(.text)
    I2C2_ER_IRQHandler                       0x0800024f   Thumb Code     0  startup_stm32f103xb.o(.text)
    I2C2_EV_IRQHandler                       0x0800024f   Thumb Code     0  startup_stm32f103xb.o(.text)
    PVD_IRQHandler                           0x0800024f   Thumb Code     0  startup_stm32f103xb.o(.text)
    RCC_IRQHandler                           0x0800024f   Thumb Code     0  startup_stm32f103xb.o(.text)
    RTC_Alarm_IRQHandler                     0x0800024f   Thumb Code     0  startup_stm32f103xb.o(.text)
    RTC_IRQHandler                           0x0800024f   Thumb Code     0  startup_stm32f103xb.o(.text)
    SPI1_IRQHandler                          0x0800024f   Thumb Code     0  startup_stm32f103xb.o(.text)
    SPI2_IRQHandler                          0x0800024f   Thumb Code     0  startup_stm32f103xb.o(.text)
    TAMPER_IRQHandler                        0x0800024f   Thumb Code     0  startup_stm32f103xb.o(.text)
    TIM1_BRK_IRQHandler                      0x0800024f   Thumb Code     0  startup_stm32f103xb.o(.text)
    TIM1_CC_IRQHandler                       0x0800024f   Thumb Code     0  startup_stm32f103xb.o(.text)
    TIM1_TRG_COM_IRQHandler                  0x0800024f   Thumb Code     0  startup_stm32f103xb.o(.text)
    TIM2_IRQHandler                          0x0800024f   Thumb Code     0  startup_stm32f103xb.o(.text)
    TIM3_IRQHandler                          0x0800024f   Thumb Code     0  startup_stm32f103xb.o(.text)
    TIM4_IRQHandler                          0x0800024f   Thumb Code     0  startup_stm32f103xb.o(.text)
    USART2_IRQHandler                        0x0800024f   Thumb Code     0  startup_stm32f103xb.o(.text)
    USART3_IRQHandler                        0x0800024f   Thumb Code     0  startup_stm32f103xb.o(.text)
    USBWakeUp_IRQHandler                     0x0800024f   Thumb Code     0  startup_stm32f103xb.o(.text)
    USB_HP_CAN1_TX_IRQHandler                0x0800024f   Thumb Code     0  startup_stm32f103xb.o(.text)
    USB_LP_CAN1_RX0_IRQHandler               0x0800024f   Thumb Code     0  startup_stm32f103xb.o(.text)
    WWDG_IRQHandler                          0x0800024f   Thumb Code     0  startup_stm32f103xb.o(.text)
    __user_initial_stackheap                 0x08000251   Thumb Code     0  startup_stm32f103xb.o(.text)
    __2snprintf                              0x08000275   Thumb Code    48  noretval__2snprintf.o(.text)
    _printf_pre_padding                      0x080002a9   Thumb Code    44  _printf_pad.o(.text)
    _printf_post_padding                     0x080002d5   Thumb Code    34  _printf_pad.o(.text)
    _printf_str                              0x080002f7   Thumb Code    82  _printf_str.o(.text)
    _printf_int_dec                          0x08000349   Thumb Code   104  _printf_dec.o(.text)
    _printf_int_hex                          0x080003c1   Thumb Code    84  _printf_hex_int.o(.text)
    _printf_longlong_hex                     0x080003c1   Thumb Code     0  _printf_hex_int.o(.text)
    __printf                                 0x08000419   Thumb Code   388  __printf_flags_ss_wp.o(.text)
    memcmp                                   0x080005a1   Thumb Code    88  memcmp.o(.text)
    __aeabi_memcpy                           0x080005f9   Thumb Code     0  rt_memcpy_v6.o(.text)
    __rt_memcpy                              0x080005f9   Thumb Code   138  rt_memcpy_v6.o(.text)
    _memcpy_lastbytes                        0x0800065f   Thumb Code     0  rt_memcpy_v6.o(.text)
    __aeabi_memcpy4                          0x08000683   Thumb Code     0  rt_memcpy_w.o(.text)
    __aeabi_memcpy8                          0x08000683   Thumb Code     0  rt_memcpy_w.o(.text)
    __rt_memcpy_w                            0x08000683   Thumb Code   100  rt_memcpy_w.o(.text)
    _memcpy_lastbytes_aligned                0x080006cb   Thumb Code     0  rt_memcpy_w.o(.text)
    __aeabi_memset                           0x080006e7   Thumb Code    16  aeabi_memset.o(.text)
    __aeabi_memclr                           0x080006f7   Thumb Code     0  rt_memclr.o(.text)
    __rt_memclr                              0x080006f7   Thumb Code    68  rt_memclr.o(.text)
    _memset                                  0x080006fb   Thumb Code     0  rt_memclr.o(.text)
    __aeabi_memclr4                          0x0800073b   Thumb Code     0  rt_memclr_w.o(.text)
    __aeabi_memclr8                          0x0800073b   Thumb Code     0  rt_memclr_w.o(.text)
    __rt_memclr_w                            0x0800073b   Thumb Code    78  rt_memclr_w.o(.text)
    _memset_w                                0x0800073f   Thumb Code     0  rt_memclr_w.o(.text)
    __use_two_region_memory                  0x08000789   Thumb Code     2  heapauxi.o(.text)
    __rt_heap_escrow$2region                 0x0800078b   Thumb Code     2  heapauxi.o(.text)
    __rt_heap_expand$2region                 0x0800078d   Thumb Code     2  heapauxi.o(.text)
    _printf_int_common                       0x0800078f   Thumb Code   178  _printf_intcommon.o(.text)
    _printf_char_common                      0x0800084b   Thumb Code    32  _printf_char_common.o(.text)
    _sputc                                   0x08000871   Thumb Code    10  _sputc.o(.text)
    _snputc                                  0x0800087b   Thumb Code    16  _snputc.o(.text)
    _printf_cs_common                        0x0800088b   Thumb Code    20  _printf_char.o(.text)
    _printf_char                             0x0800089f   Thumb Code    16  _printf_char.o(.text)
    _printf_string                           0x080008af   Thumb Code     8  _printf_char.o(.text)
    __user_setup_stackheap                   0x080008b7   Thumb Code    74  sys_stackheap_outer.o(.text)
    exit                                     0x08000901   Thumb Code    18  exit.o(.text)
    __user_libspace                          0x08000915   Thumb Code     8  libspace.o(.text)
    __user_perproc_libspace                  0x08000915   Thumb Code     0  libspace.o(.text)
    __user_perthread_libspace                0x08000915   Thumb Code     0  libspace.o(.text)
    _sys_exit                                0x0800091d   Thumb Code     8  sys_exit.o(.text)
    __I$use$semihosting                      0x08000929   Thumb Code     0  use_no_semi.o(.text)
    __use_no_semihosting_swi                 0x08000929   Thumb Code     2  use_no_semi.o(.text)
    __semihosting_library_function           0x0800092b   Thumb Code     0  indicate_semi.o(.text)
    BSP_Flash_Init                           0x0800092d   Thumb Code    24  bsp_flash.o(i.BSP_Flash_Init)
    BSP_Flash_PageWrite                      0x08000949   Thumb Code    88  bsp_flash.o(i.BSP_Flash_PageWrite)
    BSP_Flash_ReadData                       0x080009a1   Thumb Code    70  bsp_flash.o(i.BSP_Flash_ReadData)
    BSP_Flash_ReadJEDECID                    0x080009e7   Thumb Code    46  bsp_flash.o(i.BSP_Flash_ReadJEDECID)
    BSP_Flash_SectorErase                    0x08000a15   Thumb Code    58  bsp_flash.o(i.BSP_Flash_SectorErase)
    BSP_Flash_WaitBusy                       0x08000a51   Thumb Code    36  bsp_flash.o(i.BSP_Flash_WaitBusy)
    BSP_Flash_WriteEnable                    0x08000a79   Thumb Code    20  bsp_flash.o(i.BSP_Flash_WriteEnable)
    BSP_SPI_CS_High                          0x08000a8d   Thumb Code    10  bsp_spi.o(i.BSP_SPI_CS_High)
    BSP_SPI_CS_Low                           0x08000a9d   Thumb Code    10  bsp_spi.o(i.BSP_SPI_CS_Low)
    BSP_SPI_Init                             0x08000aad   Thumb Code     2  bsp_spi.o(i.BSP_SPI_Init)
    BSP_SPI_TransferByte                     0x08000ab1   Thumb Code    32  bsp_spi.o(i.BSP_SPI_TransferByte)
    BSP_UART_Init                            0x08000ad5   Thumb Code    22  bsp_uart.o(i.BSP_UART_Init)
    BSP_UART_SendByte                        0x08000af9   Thumb Code    16  bsp_uart.o(i.BSP_UART_SendByte)
    BSP_UART_SendString                      0x08000b0d   Thumb Code    22  bsp_uart.o(i.BSP_UART_SendString)
    BusFault_Handler                         0x08000b23   Thumb Code     2  stm32f1xx_it.o(i.BusFault_Handler)
    DebugMon_Handler                         0x08000b25   Thumb Code     2  stm32f1xx_it.o(i.DebugMon_Handler)
    Error_Handler                            0x08000b27   Thumb Code     4  main.o(i.Error_Handler)
    HAL_DMA_Abort                            0x08000b2b   Thumb Code    70  stm32f1xx_hal_dma.o(i.HAL_DMA_Abort)
    HAL_DMA_Abort_IT                         0x08000b71   Thumb Code   148  stm32f1xx_hal_dma.o(i.HAL_DMA_Abort_IT)
    HAL_GPIO_Init                            0x08000c09   Thumb Code   446  stm32f1xx_hal_gpio.o(i.HAL_GPIO_Init)
    HAL_GPIO_WritePin                        0x08000de9   Thumb Code    10  stm32f1xx_hal_gpio.o(i.HAL_GPIO_WritePin)
    HAL_GetTick                              0x08000df5   Thumb Code     6  stm32f1xx_hal.o(i.HAL_GetTick)
    HAL_IncTick                              0x08000e01   Thumb Code    12  stm32f1xx_hal.o(i.HAL_IncTick)
    HAL_Init                                 0x08000e11   Thumb Code    32  stm32f1xx_hal.o(i.HAL_Init)
    HAL_InitTick                             0x08000e35   Thumb Code   118  stm32f1xx_hal_timebase_tim.o(i.HAL_InitTick)
    HAL_MspInit                              0x08000ec1   Thumb Code    62  stm32f1xx_hal_msp.o(i.HAL_MspInit)
    HAL_NVIC_EnableIRQ                       0x08000f09   Thumb Code    26  stm32f1xx_hal_cortex.o(i.HAL_NVIC_EnableIRQ)
    HAL_NVIC_SetPriority                     0x08000f25   Thumb Code    60  stm32f1xx_hal_cortex.o(i.HAL_NVIC_SetPriority)
    HAL_NVIC_SetPriorityGrouping             0x08000f65   Thumb Code    26  stm32f1xx_hal_cortex.o(i.HAL_NVIC_SetPriorityGrouping)
    HAL_RCC_ClockConfig                      0x08000f89   Thumb Code   280  stm32f1xx_hal_rcc.o(i.HAL_RCC_ClockConfig)
    HAL_RCC_GetClockConfig                   0x080010b5   Thumb Code    54  stm32f1xx_hal_rcc.o(i.HAL_RCC_GetClockConfig)
    HAL_RCC_GetPCLK1Freq                     0x080010f5   Thumb Code    20  stm32f1xx_hal_rcc.o(i.HAL_RCC_GetPCLK1Freq)
    HAL_RCC_GetPCLK2Freq                     0x08001115   Thumb Code    20  stm32f1xx_hal_rcc.o(i.HAL_RCC_GetPCLK2Freq)
    HAL_RCC_GetSysClockFreq                  0x08001135   Thumb Code    58  stm32f1xx_hal_rcc.o(i.HAL_RCC_GetSysClockFreq)
    HAL_RCC_OscConfig                        0x08001181   Thumb Code   778  stm32f1xx_hal_rcc.o(i.HAL_RCC_OscConfig)
    HAL_SPI_Init                             0x080014a1   Thumb Code   178  stm32f1xx_hal_spi.o(i.HAL_SPI_Init)
    HAL_SPI_MspInit                          0x08001555   Thumb Code    98  spi.o(i.HAL_SPI_MspInit)
    HAL_SPI_TransmitReceive                  0x080015c5   Thumb Code   496  stm32f1xx_hal_spi.o(i.HAL_SPI_TransmitReceive)
    HAL_TIMEx_BreakCallback                  0x080017b5   Thumb Code     2  stm32f1xx_hal_tim_ex.o(i.HAL_TIMEx_BreakCallback)
    HAL_TIMEx_CommutCallback                 0x080017b7   Thumb Code     2  stm32f1xx_hal_tim_ex.o(i.HAL_TIMEx_CommutCallback)
    HAL_TIM_Base_Init                        0x080017b9   Thumb Code    90  stm32f1xx_hal_tim.o(i.HAL_TIM_Base_Init)
    HAL_TIM_Base_MspInit                     0x08001813   Thumb Code     2  stm32f1xx_hal_tim.o(i.HAL_TIM_Base_MspInit)
    HAL_TIM_Base_Start_IT                    0x08001815   Thumb Code    76  stm32f1xx_hal_tim.o(i.HAL_TIM_Base_Start_IT)
    HAL_TIM_IC_CaptureCallback               0x0800186d   Thumb Code     2  stm32f1xx_hal_tim.o(i.HAL_TIM_IC_CaptureCallback)
    HAL_TIM_IRQHandler                       0x0800186f   Thumb Code   304  stm32f1xx_hal_tim.o(i.HAL_TIM_IRQHandler)
    HAL_TIM_OC_DelayElapsedCallback          0x0800199f   Thumb Code     2  stm32f1xx_hal_tim.o(i.HAL_TIM_OC_DelayElapsedCallback)
    HAL_TIM_PWM_PulseFinishedCallback        0x080019a1   Thumb Code     2  stm32f1xx_hal_tim.o(i.HAL_TIM_PWM_PulseFinishedCallback)
    HAL_TIM_PeriodElapsedCallback            0x080019a5   Thumb Code    14  main.o(i.HAL_TIM_PeriodElapsedCallback)
    HAL_TIM_TriggerCallback                  0x080019b9   Thumb Code     2  stm32f1xx_hal_tim.o(i.HAL_TIM_TriggerCallback)
    HAL_UARTEx_RxEventCallback               0x080019bb   Thumb Code     2  stm32f1xx_hal_uart.o(i.HAL_UARTEx_RxEventCallback)
    HAL_UART_ErrorCallback                   0x080019bd   Thumb Code     2  stm32f1xx_hal_uart.o(i.HAL_UART_ErrorCallback)
    HAL_UART_IRQHandler                      0x080019c1   Thumb Code   616  stm32f1xx_hal_uart.o(i.HAL_UART_IRQHandler)
    HAL_UART_Init                            0x08001c2d   Thumb Code   100  stm32f1xx_hal_uart.o(i.HAL_UART_Init)
    HAL_UART_MspInit                         0x08001c91   Thumb Code   116  usart.o(i.HAL_UART_MspInit)
    HAL_UART_Receive_IT                      0x08001d11   Thumb Code    28  stm32f1xx_hal_uart.o(i.HAL_UART_Receive_IT)
    HAL_UART_RxCpltCallback                  0x08001d2d   Thumb Code    36  bsp_uart.o(i.HAL_UART_RxCpltCallback)
    HAL_UART_Transmit                        0x08001d61   Thumb Code   160  stm32f1xx_hal_uart.o(i.HAL_UART_Transmit)
    HAL_UART_TxCpltCallback                  0x08001e01   Thumb Code     2  stm32f1xx_hal_uart.o(i.HAL_UART_TxCpltCallback)
    HardFault_Handler                        0x08001e03   Thumb Code     2  stm32f1xx_it.o(i.HardFault_Handler)
    MX_FREERTOS_Init                         0x08001e05   Thumb Code    30  freertos.o(i.MX_FREERTOS_Init)
    MX_GPIO_Init                             0x08001e2d   Thumb Code   148  gpio.o(i.MX_GPIO_Init)
    MX_SPI1_Init                             0x08001ecd   Thumb Code    62  spi.o(i.MX_SPI1_Init)
    MX_USART1_UART_Init                      0x08001f15   Thumb Code    48  usart.o(i.MX_USART1_UART_Init)
    MemManage_Handler                        0x08001f4d   Thumb Code     2  stm32f1xx_it.o(i.MemManage_Handler)
    NMI_Handler                              0x08001f4f   Thumb Code     2  stm32f1xx_it.o(i.NMI_Handler)
    RB_Init                                  0x08001f51   Thumb Code    22  bsp_uart.o(i.RB_Init)
    RB_Write                                 0x08001f67   Thumb Code    54  bsp_uart.o(i.RB_Write)
    StartDefaultTask                         0x08002089   Thumb Code   370  freertos.o(i.StartDefaultTask)
    SysTick_Handler                          0x0800245d   Thumb Code    38  port.o(i.SysTick_Handler)
    SystemClock_Config                       0x08002489   Thumb Code    94  main.o(i.SystemClock_Config)
    SystemInit                               0x080024e7   Thumb Code     2  system_stm32f1xx.o(i.SystemInit)
    TIM1_UP_IRQHandler                       0x080024e9   Thumb Code     6  stm32f1xx_it.o(i.TIM1_UP_IRQHandler)
    TIM_Base_SetConfig                       0x080024f5   Thumb Code   108  stm32f1xx_hal_tim.o(i.TIM_Base_SetConfig)
    UART_Start_Receive_IT                    0x08002745   Thumb Code    54  stm32f1xx_hal_uart.o(i.UART_Start_Receive_IT)
    USART1_IRQHandler                        0x080027ed   Thumb Code     6  stm32f1xx_it.o(i.USART1_IRQHandler)
    UsageFault_Handler                       0x080027f9   Thumb Code     2  stm32f1xx_it.o(i.UsageFault_Handler)
    Utils_CRC32_Calc                         0x080027fd   Thumb Code    36  utils.o(i.Utils_CRC32_Calc)
    Utils_CRC32_Verify                       0x08002825   Thumb Code    20  utils.o(i.Utils_CRC32_Verify)
    Utils_IntToStr                           0x08002839   Thumb Code    94  utils.o(i.Utils_IntToStr)
    Utils_StrSplit                           0x08002897   Thumb Code    64  utils.o(i.Utils_StrSplit)
    Utils_StrToInt                           0x080028d7   Thumb Code    70  utils.o(i.Utils_StrToInt)
    Utils_StrTrim                            0x0800291d   Thumb Code    96  utils.o(i.Utils_StrTrim)
    _is_digit                                0x0800299d   Thumb Code    14  __printf_wp.o(i._is_digit)
    main                                     0x080029ad   Thumb Code    86  main.o(i.main)
    osDelay                                  0x08002aa9   Thumb Code    14  cmsis_os.o(i.osDelay)
    osKernelStart                            0x08002ab7   Thumb Code    10  cmsis_os.o(i.osKernelStart)
    osThreadCreate                           0x08002ac1   Thumb Code    84  cmsis_os.o(i.osThreadCreate)
    pvPortMalloc                             0x080032b1   Thumb Code   226  heap_4.o(i.pvPortMalloc)
    pxPortInitialiseStack                    0x08003399   Thumb Code    32  port.o(i.pxPortInitialiseStack)
    uxListRemove                             0x080033bd   Thumb Code    38  list.o(i.uxListRemove)
    vApplicationGetIdleTaskMemory            0x080033e5   Thumb Code    16  freertos.o(i.vApplicationGetIdleTaskMemory)
    vApplicationGetTimerTaskMemory           0x080033f9   Thumb Code    18  freertos.o(i.vApplicationGetTimerTaskMemory)
    vApplicationMallocFailedHook             0x08003411   Thumb Code     2  freertos.o(i.vApplicationMallocFailedHook)
    vApplicationStackOverflowHook            0x08003413   Thumb Code     2  freertos.o(i.vApplicationStackOverflowHook)
    vListInitialise                          0x08003415   Thumb Code    22  list.o(i.vListInitialise)
    vListInitialiseItem                      0x0800342b   Thumb Code     6  list.o(i.vListInitialiseItem)
    vListInsert                              0x08003431   Thumb Code    48  list.o(i.vListInsert)
    vListInsertEnd                           0x08003461   Thumb Code    24  list.o(i.vListInsertEnd)
    vPortEnterCritical                       0x08003479   Thumb Code    54  port.o(i.vPortEnterCritical)
    vPortExitCritical                        0x080034b9   Thumb Code    34  port.o(i.vPortExitCritical)
    vPortFree                                0x080034e1   Thumb Code    94  heap_4.o(i.vPortFree)
    vPortSetupTimerInterrupt                 0x08003545   Thumb Code    32  port.o(i.vPortSetupTimerInterrupt)
    vPortValidateInterruptPriority           0x08003569   Thumb Code    74  port.o(i.vPortValidateInterruptPriority)
    vQueueAddToRegistry                      0x080035bd   Thumb Code    34  queue.o(i.vQueueAddToRegistry)
    vQueueWaitForMessageRestricted           0x080035e5   Thumb Code    68  queue.o(i.vQueueWaitForMessageRestricted)
    vTaskDelay                               0x08003629   Thumb Code    66  tasks.o(i.vTaskDelay)
    vTaskInternalSetTimeOutState             0x08003675   Thumb Code    12  tasks.o(i.vTaskInternalSetTimeOutState)
    vTaskMissedYield                         0x08003685   Thumb Code     8  tasks.o(i.vTaskMissedYield)
    vTaskPlaceOnEventList                    0x08003691   Thumb Code    44  tasks.o(i.vTaskPlaceOnEventList)
    vTaskPlaceOnEventListRestricted          0x080036c1   Thumb Code    52  tasks.o(i.vTaskPlaceOnEventListRestricted)
    vTaskStartScheduler                      0x080036f9   Thumb Code   118  tasks.o(i.vTaskStartScheduler)
    vTaskSuspendAll                          0x08003781   Thumb Code    10  tasks.o(i.vTaskSuspendAll)
    vTaskSwitchContext                       0x08003791   Thumb Code   126  tasks.o(i.vTaskSwitchContext)
    xPortStartScheduler                      0x08003819   Thumb Code   154  port.o(i.xPortStartScheduler)
    xQueueGenericCreateStatic                0x080038c1   Thumb Code   102  queue.o(i.xQueueGenericCreateStatic)
    xQueueGenericReset                       0x08003929   Thumb Code   132  queue.o(i.xQueueGenericReset)
    xQueueGenericSend                        0x080039b1   Thumb Code   346  queue.o(i.xQueueGenericSend)
    xQueueGenericSendFromISR                 0x08003b11   Thumb Code   190  queue.o(i.xQueueGenericSendFromISR)
    xQueueReceive                            0x08003bd1   Thumb Code   308  queue.o(i.xQueueReceive)
    xTaskCheckForTimeOut                     0x08003d09   Thumb Code   112  tasks.o(i.xTaskCheckForTimeOut)
    xTaskCreate                              0x08003d7d   Thumb Code    90  tasks.o(i.xTaskCreate)
    xTaskCreateStatic                        0x08003dd7   Thumb Code    86  tasks.o(i.xTaskCreateStatic)
    xTaskGetSchedulerState                   0x08003e2d   Thumb Code    22  tasks.o(i.xTaskGetSchedulerState)
    xTaskGetTickCount                        0x08003e49   Thumb Code     6  tasks.o(i.xTaskGetTickCount)
    xTaskIncrementTick                       0x08003e55   Thumb Code   194  tasks.o(i.xTaskIncrementTick)
    xTaskPriorityDisinherit                  0x08003f21   Thumb Code   144  tasks.o(i.xTaskPriorityDisinherit)
    xTaskRemoveFromEventList                 0x08003fb9   Thumb Code   108  tasks.o(i.xTaskRemoveFromEventList)
    xTaskResumeAll                           0x0800402d   Thumb Code   182  tasks.o(i.xTaskResumeAll)
    xTimerCreateTimerTask                    0x080040f1   Thumb Code    78  timers.o(i.xTimerCreateTimerTask)
    xTimerGenericCommand                     0x08004151   Thumb Code    92  timers.o(i.xTimerGenericCommand)
    AHBPrescTable                            0x080045ee   Data          16  system_stm32f1xx.o(.constdata)
    APBPrescTable                            0x080045fe   Data           8  system_stm32f1xx.o(.constdata)
    Region$$Table$$Base                      0x0800464c   Number         0  anon$$obj.o(Region$$Table)
    Region$$Table$$Limit                     0x0800466c   Number         0  anon$$obj.o(Region$$Table)
    defaultTaskHandle                        0x20000000   Data           4  freertos.o(.data)
    uwTickFreq                               0x20000008   Data           1  stm32f1xx_hal.o(.data)
    uwTickPrio                               0x2000000c   Data           4  stm32f1xx_hal.o(.data)
    uwTick                                   0x20000010   Data           4  stm32f1xx_hal.o(.data)
    SystemCoreClock                          0x20000014   Data           4  system_stm32f1xx.o(.data)
    pxCurrentTCB                             0x20000018   Data           4  tasks.o(.data)
    hspi1                                    0x2000074c   Data          88  spi.o(.bss)
    huart1                                   0x200007a4   Data          72  usart.o(.bss)
    htim1                                    0x200007ec   Data          72  stm32f1xx_hal_timebase_tim.o(.bss)
    uart_rx_rb                               0x20000834   Data         262  bsp_uart.o(.bss)
    xQueueRegistry                           0x2000093c   Data          64  queue.o(.bss)
    __libspace_start                         0x2000335c   Data          96  libspace.o(.bss)
    __temporary_stack_top$libspace           0x200033bc   Data           0  libspace.o(.bss)



==============================================================================

Memory Map of the image

  Image Entry point : 0x080000ed

  Load Region LR_IROM1 (Base: 0x08000000, Size: 0x00004700, Max: 0x00010000, ABSOLUTE)

    Execution Region ER_IROM1 (Exec base: 0x08000000, Load base: 0x08000000, Size: 0x0000466c, Max: 0x00010000, ABSOLUTE)

    Exec Addr    Load Addr    Size         Type   Attr      Idx    E Section Name        Object

    0x08000000   0x08000000   0x000000ec   Data   RO            3    RESET               startup_stm32f103xb.o
    0x080000ec   0x080000ec   0x00000008   Code   RO         5260  * !!!main             c_w.l(__main.o)
    0x080000f4   0x080000f4   0x00000034   Code   RO         5432    !!!scatter          c_w.l(__scatter.o)
    0x08000128   0x08000128   0x0000001a   Code   RO         5434    !!handler_copy      c_w.l(__scatter_copy.o)
    0x08000142   0x08000142   0x00000002   PAD
    0x08000144   0x08000144   0x0000001c   Code   RO         5436    !!handler_zi        c_w.l(__scatter_zi.o)
    0x08000160   0x08000160   0x00000000   Code   RO         5239    .ARM.Collect$$_printf_percent$$00000000  c_w.l(_printf_percent.o)
    0x08000160   0x08000160   0x00000006   Code   RO         5237    .ARM.Collect$$_printf_percent$$00000009  c_w.l(_printf_d.o)
    0x08000166   0x08000166   0x00000006   Code   RO         5236    .ARM.Collect$$_printf_percent$$0000000C  c_w.l(_printf_x.o)
    0x0800016c   0x0800016c   0x00000006   Code   RO         5235    .ARM.Collect$$_printf_percent$$00000014  c_w.l(_printf_s.o)
    0x08000172   0x08000172   0x00000004   Code   RO         5273    .ARM.Collect$$_printf_percent$$00000017  c_w.l(_printf_percent_end.o)
    0x08000176   0x08000176   0x00000002   Code   RO         5300    .ARM.Collect$$libinit$$00000000  c_w.l(libinit.o)
    0x08000178   0x08000178   0x00000000   Code   RO         5307    .ARM.Collect$$libinit$$00000002  c_w.l(libinit2.o)
    0x08000178   0x08000178   0x00000000   Code   RO         5309    .ARM.Collect$$libinit$$00000004  c_w.l(libinit2.o)
    0x08000178   0x08000178   0x00000000   Code   RO         5312    .ARM.Collect$$libinit$$0000000A  c_w.l(libinit2.o)
    0x08000178   0x08000178   0x00000000   Code   RO         5314    .ARM.Collect$$libinit$$0000000C  c_w.l(libinit2.o)
    0x08000178   0x08000178   0x00000000   Code   RO         5316    .ARM.Collect$$libinit$$0000000E  c_w.l(libinit2.o)
    0x08000178   0x08000178   0x00000000   Code   RO         5319    .ARM.Collect$$libinit$$00000011  c_w.l(libinit2.o)
    0x08000178   0x08000178   0x00000000   Code   RO         5321    .ARM.Collect$$libinit$$00000013  c_w.l(libinit2.o)
    0x08000178   0x08000178   0x00000000   Code   RO         5323    .ARM.Collect$$libinit$$00000015  c_w.l(libinit2.o)
    0x08000178   0x08000178   0x00000000   Code   RO         5325    .ARM.Collect$$libinit$$00000017  c_w.l(libinit2.o)
    0x08000178   0x08000178   0x00000000   Code   RO         5327    .ARM.Collect$$libinit$$00000019  c_w.l(libinit2.o)
    0x08000178   0x08000178   0x00000000   Code   RO         5329    .ARM.Collect$$libinit$$0000001B  c_w.l(libinit2.o)
    0x08000178   0x08000178   0x00000000   Code   RO         5331    .ARM.Collect$$libinit$$0000001D  c_w.l(libinit2.o)
    0x08000178   0x08000178   0x00000000   Code   RO         5333    .ARM.Collect$$libinit$$0000001F  c_w.l(libinit2.o)
    0x08000178   0x08000178   0x00000000   Code   RO         5335    .ARM.Collect$$libinit$$00000021  c_w.l(libinit2.o)
    0x08000178   0x08000178   0x00000000   Code   RO         5337    .ARM.Collect$$libinit$$00000023  c_w.l(libinit2.o)
    0x08000178   0x08000178   0x00000000   Code   RO         5339    .ARM.Collect$$libinit$$00000025  c_w.l(libinit2.o)
    0x08000178   0x08000178   0x00000000   Code   RO         5343    .ARM.Collect$$libinit$$0000002C  c_w.l(libinit2.o)
    0x08000178   0x08000178   0x00000000   Code   RO         5345    .ARM.Collect$$libinit$$0000002E  c_w.l(libinit2.o)
    0x08000178   0x08000178   0x00000000   Code   RO         5347    .ARM.Collect$$libinit$$00000030  c_w.l(libinit2.o)
    0x08000178   0x08000178   0x00000000   Code   RO         5349    .ARM.Collect$$libinit$$00000032  c_w.l(libinit2.o)
    0x08000178   0x08000178   0x00000002   Code   RO         5350    .ARM.Collect$$libinit$$00000033  c_w.l(libinit2.o)
    0x0800017a   0x0800017a   0x00000002   Code   RO         5370    .ARM.Collect$$libshutdown$$00000000  c_w.l(libshutdown.o)
    0x0800017c   0x0800017c   0x00000000   Code   RO         5383    .ARM.Collect$$libshutdown$$00000002  c_w.l(libshutdown2.o)
    0x0800017c   0x0800017c   0x00000000   Code   RO         5385    .ARM.Collect$$libshutdown$$00000004  c_w.l(libshutdown2.o)
    0x0800017c   0x0800017c   0x00000000   Code   RO         5387    .ARM.Collect$$libshutdown$$00000006  c_w.l(libshutdown2.o)
    0x0800017c   0x0800017c   0x00000000   Code   RO         5390    .ARM.Collect$$libshutdown$$00000009  c_w.l(libshutdown2.o)
    0x0800017c   0x0800017c   0x00000000   Code   RO         5393    .ARM.Collect$$libshutdown$$0000000C  c_w.l(libshutdown2.o)
    0x0800017c   0x0800017c   0x00000000   Code   RO         5395    .ARM.Collect$$libshutdown$$0000000E  c_w.l(libshutdown2.o)
    0x0800017c   0x0800017c   0x00000000   Code   RO         5398    .ARM.Collect$$libshutdown$$00000011  c_w.l(libshutdown2.o)
    0x0800017c   0x0800017c   0x00000002   Code   RO         5399    .ARM.Collect$$libshutdown$$00000012  c_w.l(libshutdown2.o)
    0x0800017e   0x0800017e   0x00000000   Code   RO         5262    .ARM.Collect$$rtentry$$00000000  c_w.l(__rtentry.o)
    0x0800017e   0x0800017e   0x00000000   Code   RO         5275    .ARM.Collect$$rtentry$$00000002  c_w.l(__rtentry2.o)
    0x0800017e   0x0800017e   0x00000006   Code   RO         5287    .ARM.Collect$$rtentry$$00000004  c_w.l(__rtentry4.o)
    0x08000184   0x08000184   0x00000000   Code   RO         5277    .ARM.Collect$$rtentry$$00000009  c_w.l(__rtentry2.o)
    0x08000184   0x08000184   0x00000004   Code   RO         5278    .ARM.Collect$$rtentry$$0000000A  c_w.l(__rtentry2.o)
    0x08000188   0x08000188   0x00000000   Code   RO         5280    .ARM.Collect$$rtentry$$0000000C  c_w.l(__rtentry2.o)
    0x08000188   0x08000188   0x00000008   Code   RO         5281    .ARM.Collect$$rtentry$$0000000D  c_w.l(__rtentry2.o)
    0x08000190   0x08000190   0x00000002   Code   RO         5304    .ARM.Collect$$rtexit$$00000000  c_w.l(rtexit.o)
    0x08000192   0x08000192   0x00000000   Code   RO         5352    .ARM.Collect$$rtexit$$00000002  c_w.l(rtexit2.o)
    0x08000192   0x08000192   0x00000004   Code   RO         5353    .ARM.Collect$$rtexit$$00000003  c_w.l(rtexit2.o)
    0x08000196   0x08000196   0x00000006   Code   RO         5354    .ARM.Collect$$rtexit$$00000004  c_w.l(rtexit2.o)
    0x0800019c   0x0800019c   0x00000096   Code   RO         5096    .emb_text           port.o
    0x08000232   0x08000232   0x00000002   PAD
    0x08000234   0x08000234   0x00000040   Code   RO            4    .text               startup_stm32f103xb.o
    0x08000274   0x08000274   0x00000034   Code   RO         5183    .text               c_w.l(noretval__2snprintf.o)
    0x080002a8   0x080002a8   0x0000004e   Code   RO         5187    .text               c_w.l(_printf_pad.o)
    0x080002f6   0x080002f6   0x00000052   Code   RO         5189    .text               c_w.l(_printf_str.o)
    0x08000348   0x08000348   0x00000078   Code   RO         5191    .text               c_w.l(_printf_dec.o)
    0x080003c0   0x080003c0   0x00000058   Code   RO         5196    .text               c_w.l(_printf_hex_int.o)
    0x08000418   0x08000418   0x00000188   Code   RO         5231    .text               c_w.l(__printf_flags_ss_wp.o)
    0x080005a0   0x080005a0   0x00000058   Code   RO         5240    .text               c_w.l(memcmp.o)
    0x080005f8   0x080005f8   0x0000008a   Code   RO         5246    .text               c_w.l(rt_memcpy_v6.o)
    0x08000682   0x08000682   0x00000064   Code   RO         5248    .text               c_w.l(rt_memcpy_w.o)
    0x080006e6   0x080006e6   0x00000010   Code   RO         5252    .text               c_w.l(aeabi_memset.o)
    0x080006f6   0x080006f6   0x00000044   Code   RO         5254    .text               c_w.l(rt_memclr.o)
    0x0800073a   0x0800073a   0x0000004e   Code   RO         5256    .text               c_w.l(rt_memclr_w.o)
    0x08000788   0x08000788   0x00000006   Code   RO         5258    .text               c_w.l(heapauxi.o)
    0x0800078e   0x0800078e   0x000000b2   Code   RO         5263    .text               c_w.l(_printf_intcommon.o)
    0x08000840   0x08000840   0x00000030   Code   RO         5265    .text               c_w.l(_printf_char_common.o)
    0x08000870   0x08000870   0x0000000a   Code   RO         5267    .text               c_w.l(_sputc.o)
    0x0800087a   0x0800087a   0x00000010   Code   RO         5269    .text               c_w.l(_snputc.o)
    0x0800088a   0x0800088a   0x0000002c   Code   RO         5271    .text               c_w.l(_printf_char.o)
    0x080008b6   0x080008b6   0x0000004a   Code   RO         5291    .text               c_w.l(sys_stackheap_outer.o)
    0x08000900   0x08000900   0x00000012   Code   RO         5293    .text               c_w.l(exit.o)
    0x08000912   0x08000912   0x00000002   PAD
    0x08000914   0x08000914   0x00000008   Code   RO         5301    .text               c_w.l(libspace.o)
    0x0800091c   0x0800091c   0x0000000c   Code   RO         5362    .text               c_w.l(sys_exit.o)
    0x08000928   0x08000928   0x00000002   Code   RO         5373    .text               c_w.l(use_no_semi.o)
    0x0800092a   0x0800092a   0x00000000   Code   RO         5375    .text               c_w.l(indicate_semi.o)
    0x0800092a   0x0800092a   0x00000002   PAD
    0x0800092c   0x0800092c   0x0000001c   Code   RO          746    i.BSP_Flash_Init    bsp_flash.o
    0x08000948   0x08000948   0x00000058   Code   RO          747    i.BSP_Flash_PageWrite  bsp_flash.o
    0x080009a0   0x080009a0   0x00000046   Code   RO          748    i.BSP_Flash_ReadData  bsp_flash.o
    0x080009e6   0x080009e6   0x0000002e   Code   RO          749    i.BSP_Flash_ReadJEDECID  bsp_flash.o
    0x08000a14   0x08000a14   0x0000003a   Code   RO          750    i.BSP_Flash_SectorErase  bsp_flash.o
    0x08000a4e   0x08000a4e   0x00000002   PAD
    0x08000a50   0x08000a50   0x00000028   Code   RO          751    i.BSP_Flash_WaitBusy  bsp_flash.o
    0x08000a78   0x08000a78   0x00000014   Code   RO          752    i.BSP_Flash_WriteEnable  bsp_flash.o
    0x08000a8c   0x08000a8c   0x00000010   Code   RO          818    i.BSP_SPI_CS_High   bsp_spi.o
    0x08000a9c   0x08000a9c   0x00000010   Code   RO          819    i.BSP_SPI_CS_Low    bsp_spi.o
    0x08000aac   0x08000aac   0x00000002   Code   RO          820    i.BSP_SPI_Init      bsp_spi.o
    0x08000aae   0x08000aae   0x00000002   PAD
    0x08000ab0   0x08000ab0   0x00000024   Code   RO          822    i.BSP_SPI_TransferByte  bsp_spi.o
    0x08000ad4   0x08000ad4   0x00000024   Code   RO          660    i.BSP_UART_Init     bsp_uart.o
    0x08000af8   0x08000af8   0x00000014   Code   RO          662    i.BSP_UART_SendByte  bsp_uart.o
    0x08000b0c   0x08000b0c   0x00000016   Code   RO          663    i.BSP_UART_SendString  bsp_uart.o
    0x08000b22   0x08000b22   0x00000002   Code   RO          527    i.BusFault_Handler  stm32f1xx_it.o
    0x08000b24   0x08000b24   0x00000002   Code   RO          528    i.DebugMon_Handler  stm32f1xx_it.o
    0x08000b26   0x08000b26   0x00000004   Code   RO           13    i.Error_Handler     main.o
    0x08000b2a   0x08000b2a   0x00000046   Code   RO         1342    i.HAL_DMA_Abort     stm32f1xx_hal_dma.o
    0x08000b70   0x08000b70   0x00000098   Code   RO         1343    i.HAL_DMA_Abort_IT  stm32f1xx_hal_dma.o
    0x08000c08   0x08000c08   0x000001e0   Code   RO         1278    i.HAL_GPIO_Init     stm32f1xx_hal_gpio.o
    0x08000de8   0x08000de8   0x0000000a   Code   RO         1282    i.HAL_GPIO_WritePin  stm32f1xx_hal_gpio.o
    0x08000df2   0x08000df2   0x00000002   PAD
    0x08000df4   0x08000df4   0x0000000c   Code   RO          972    i.HAL_GetTick       stm32f1xx_hal.o
    0x08000e00   0x08000e00   0x00000010   Code   RO          978    i.HAL_IncTick       stm32f1xx_hal.o
    0x08000e10   0x08000e10   0x00000024   Code   RO          979    i.HAL_Init          stm32f1xx_hal.o
    0x08000e34   0x08000e34   0x0000008c   Code   RO          621    i.HAL_InitTick      stm32f1xx_hal_timebase_tim.o
    0x08000ec0   0x08000ec0   0x00000048   Code   RO          597    i.HAL_MspInit       stm32f1xx_hal_msp.o
    0x08000f08   0x08000f08   0x0000001a   Code   RO         1438    i.HAL_NVIC_EnableIRQ  stm32f1xx_hal_cortex.o
    0x08000f22   0x08000f22   0x00000002   PAD
    0x08000f24   0x08000f24   0x00000040   Code   RO         1444    i.HAL_NVIC_SetPriority  stm32f1xx_hal_cortex.o
    0x08000f64   0x08000f64   0x00000024   Code   RO         1445    i.HAL_NVIC_SetPriorityGrouping  stm32f1xx_hal_cortex.o
    0x08000f88   0x08000f88   0x0000012c   Code   RO         1136    i.HAL_RCC_ClockConfig  stm32f1xx_hal_rcc.o
    0x080010b4   0x080010b4   0x00000040   Code   RO         1140    i.HAL_RCC_GetClockConfig  stm32f1xx_hal_rcc.o
    0x080010f4   0x080010f4   0x00000020   Code   RO         1143    i.HAL_RCC_GetPCLK1Freq  stm32f1xx_hal_rcc.o
    0x08001114   0x08001114   0x00000020   Code   RO         1144    i.HAL_RCC_GetPCLK2Freq  stm32f1xx_hal_rcc.o
    0x08001134   0x08001134   0x0000004c   Code   RO         1145    i.HAL_RCC_GetSysClockFreq  stm32f1xx_hal_rcc.o
    0x08001180   0x08001180   0x00000320   Code   RO         1148    i.HAL_RCC_OscConfig  stm32f1xx_hal_rcc.o
    0x080014a0   0x080014a0   0x000000b2   Code   RO         1949    i.HAL_SPI_Init      stm32f1xx_hal_spi.o
    0x08001552   0x08001552   0x00000002   PAD
    0x08001554   0x08001554   0x00000070   Code   RO          444    i.HAL_SPI_MspInit   spi.o
    0x080015c4   0x080015c4   0x000001f0   Code   RO         1958    i.HAL_SPI_TransmitReceive  stm32f1xx_hal_spi.o
    0x080017b4   0x080017b4   0x00000002   Code   RO         2966    i.HAL_TIMEx_BreakCallback  stm32f1xx_hal_tim_ex.o
    0x080017b6   0x080017b6   0x00000002   Code   RO         2967    i.HAL_TIMEx_CommutCallback  stm32f1xx_hal_tim_ex.o
    0x080017b8   0x080017b8   0x0000005a   Code   RO         2262    i.HAL_TIM_Base_Init  stm32f1xx_hal_tim.o
    0x08001812   0x08001812   0x00000002   Code   RO         2264    i.HAL_TIM_Base_MspInit  stm32f1xx_hal_tim.o
    0x08001814   0x08001814   0x00000058   Code   RO         2267    i.HAL_TIM_Base_Start_IT  stm32f1xx_hal_tim.o
    0x0800186c   0x0800186c   0x00000002   Code   RO         2296    i.HAL_TIM_IC_CaptureCallback  stm32f1xx_hal_tim.o
    0x0800186e   0x0800186e   0x00000130   Code   RO         2310    i.HAL_TIM_IRQHandler  stm32f1xx_hal_tim.o
    0x0800199e   0x0800199e   0x00000002   Code   RO         2313    i.HAL_TIM_OC_DelayElapsedCallback  stm32f1xx_hal_tim.o
    0x080019a0   0x080019a0   0x00000002   Code   RO         2340    i.HAL_TIM_PWM_PulseFinishedCallback  stm32f1xx_hal_tim.o
    0x080019a2   0x080019a2   0x00000002   PAD
    0x080019a4   0x080019a4   0x00000014   Code   RO           14    i.HAL_TIM_PeriodElapsedCallback  main.o
    0x080019b8   0x080019b8   0x00000002   Code   RO         2353    i.HAL_TIM_TriggerCallback  stm32f1xx_hal_tim.o
    0x080019ba   0x080019ba   0x00000002   Code   RO         3245    i.HAL_UARTEx_RxEventCallback  stm32f1xx_hal_uart.o
    0x080019bc   0x080019bc   0x00000002   Code   RO         3259    i.HAL_UART_ErrorCallback  stm32f1xx_hal_uart.o
    0x080019be   0x080019be   0x00000002   PAD
    0x080019c0   0x080019c0   0x0000026c   Code   RO         3262    i.HAL_UART_IRQHandler  stm32f1xx_hal_uart.o
    0x08001c2c   0x08001c2c   0x00000064   Code   RO         3263    i.HAL_UART_Init     stm32f1xx_hal_uart.o
    0x08001c90   0x08001c90   0x00000080   Code   RO          486    i.HAL_UART_MspInit  usart.o
    0x08001d10   0x08001d10   0x0000001c   Code   RO         3268    i.HAL_UART_Receive_IT  stm32f1xx_hal_uart.o
    0x08001d2c   0x08001d2c   0x00000034   Code   RO          664    i.HAL_UART_RxCpltCallback  bsp_uart.o
    0x08001d60   0x08001d60   0x000000a0   Code   RO         3271    i.HAL_UART_Transmit  stm32f1xx_hal_uart.o
    0x08001e00   0x08001e00   0x00000002   Code   RO         3274    i.HAL_UART_TxCpltCallback  stm32f1xx_hal_uart.o
    0x08001e02   0x08001e02   0x00000002   Code   RO          529    i.HardFault_Handler  stm32f1xx_it.o
    0x08001e04   0x08001e04   0x00000028   Code   RO          243    i.MX_FREERTOS_Init  freertos.o
    0x08001e2c   0x08001e2c   0x000000a0   Code   RO          219    i.MX_GPIO_Init      gpio.o
    0x08001ecc   0x08001ecc   0x00000048   Code   RO          445    i.MX_SPI1_Init      spi.o
    0x08001f14   0x08001f14   0x00000038   Code   RO          487    i.MX_USART1_UART_Init  usart.o
    0x08001f4c   0x08001f4c   0x00000002   Code   RO          530    i.MemManage_Handler  stm32f1xx_it.o
    0x08001f4e   0x08001f4e   0x00000002   Code   RO          531    i.NMI_Handler       stm32f1xx_it.o
    0x08001f50   0x08001f50   0x00000016   Code   RO          666    i.RB_Init           bsp_uart.o
    0x08001f66   0x08001f66   0x00000036   Code   RO          669    i.RB_Write          bsp_uart.o
    0x08001f9c   0x08001f9c   0x00000034   Code   RO         1987    i.SPI_EndRxTxTransaction  stm32f1xx_hal_spi.o
    0x08001fd0   0x08001fd0   0x000000b8   Code   RO         1992    i.SPI_WaitFlagStateUntilTimeout  stm32f1xx_hal_spi.o
    0x08002088   0x08002088   0x000003d4   Code   RO          244    i.StartDefaultTask  freertos.o
    0x0800245c   0x0800245c   0x0000002c   Code   RO         5097    i.SysTick_Handler   port.o
    0x08002488   0x08002488   0x0000005e   Code   RO           15    i.SystemClock_Config  main.o
    0x080024e6   0x080024e6   0x00000002   Code   RO         3597    i.SystemInit        system_stm32f1xx.o
    0x080024e8   0x080024e8   0x0000000c   Code   RO          532    i.TIM1_UP_IRQHandler  stm32f1xx_it.o
    0x080024f4   0x080024f4   0x00000078   Code   RO         2355    i.TIM_Base_SetConfig  stm32f1xx_hal_tim.o
    0x0800256c   0x0800256c   0x00000010   Code   RO         3276    i.UART_DMAAbortOnError  stm32f1xx_hal_uart.o
    0x0800257c   0x0800257c   0x0000004e   Code   RO         3286    i.UART_EndRxTransfer  stm32f1xx_hal_uart.o
    0x080025ca   0x080025ca   0x000000c2   Code   RO         3288    i.UART_Receive_IT   stm32f1xx_hal_uart.o
    0x0800268c   0x0800268c   0x000000b8   Code   RO         3289    i.UART_SetConfig    stm32f1xx_hal_uart.o
    0x08002744   0x08002744   0x00000036   Code   RO         3291    i.UART_Start_Receive_IT  stm32f1xx_hal_uart.o
    0x0800277a   0x0800277a   0x00000072   Code   RO         3292    i.UART_WaitOnFlagUntilTimeout  stm32f1xx_hal_uart.o
    0x080027ec   0x080027ec   0x0000000c   Code   RO          533    i.USART1_IRQHandler  stm32f1xx_it.o
    0x080027f8   0x080027f8   0x00000002   Code   RO          534    i.UsageFault_Handler  stm32f1xx_it.o
    0x080027fa   0x080027fa   0x00000002   PAD
    0x080027fc   0x080027fc   0x00000028   Code   RO          866    i.Utils_CRC32_Calc  utils.o
    0x08002824   0x08002824   0x00000014   Code   RO          867    i.Utils_CRC32_Verify  utils.o
    0x08002838   0x08002838   0x0000005e   Code   RO          868    i.Utils_IntToStr    utils.o
    0x08002896   0x08002896   0x00000040   Code   RO          869    i.Utils_StrSplit    utils.o
    0x080028d6   0x080028d6   0x00000046   Code   RO          870    i.Utils_StrToInt    utils.o
    0x0800291c   0x0800291c   0x00000060   Code   RO          871    i.Utils_StrTrim     utils.o
    0x0800297c   0x0800297c   0x00000020   Code   RO         1451    i.__NVIC_SetPriority  stm32f1xx_hal_cortex.o
    0x0800299c   0x0800299c   0x0000000e   Code   RO         5224    i._is_digit         c_w.l(__printf_wp.o)
    0x080029aa   0x080029aa   0x00000002   PAD
    0x080029ac   0x080029ac   0x000000f0   Code   RO           16    i.main              main.o
    0x08002a9c   0x08002a9c   0x0000000c   Code   RO         4674    i.makeFreeRtosPriority  cmsis_os.o
    0x08002aa8   0x08002aa8   0x0000000e   Code   RO         4676    i.osDelay           cmsis_os.o
    0x08002ab6   0x08002ab6   0x0000000a   Code   RO         4679    i.osKernelStart     cmsis_os.o
    0x08002ac0   0x08002ac0   0x00000054   Code   RO         4713    i.osThreadCreate    cmsis_os.o
    0x08002b14   0x08002b14   0x00000070   Code   RO         4158    i.prvAddCurrentTaskToDelayedList  tasks.o
    0x08002b84   0x08002b84   0x000000d0   Code   RO         4159    i.prvAddNewTaskToReadyList  tasks.o
    0x08002c54   0x08002c54   0x00000058   Code   RO         4516    i.prvCheckForValidListAndQueue  timers.o
    0x08002cac   0x08002cac   0x00000026   Code   RO         3791    i.prvCopyDataFromQueue  queue.o
    0x08002cd2   0x08002cd2   0x0000006c   Code   RO         3792    i.prvCopyDataToQueue  queue.o
    0x08002d3e   0x08002d3e   0x00000034   Code   RO         4160    i.prvDeleteTCB      tasks.o
    0x08002d72   0x08002d72   0x00000002   PAD
    0x08002d74   0x08002d74   0x0000004c   Code   RO         5041    i.prvHeapInit       heap_4.o
    0x08002dc0   0x08002dc0   0x00000060   Code   RO         4161    i.prvIdleTask       tasks.o
    0x08002e20   0x08002e20   0x00000022   Code   RO         3794    i.prvInitialiseNewQueue  queue.o
    0x08002e42   0x08002e42   0x00000002   PAD
    0x08002e44   0x08002e44   0x000000b0   Code   RO         4162    i.prvInitialiseNewTask  tasks.o
    0x08002ef4   0x08002ef4   0x0000004c   Code   RO         5042    i.prvInsertBlockIntoFreeList  heap_4.o
    0x08002f40   0x08002f40   0x00000038   Code   RO         4518    i.prvInsertTimerInActiveList  timers.o
    0x08002f78   0x08002f78   0x0000001c   Code   RO         3795    i.prvIsQueueEmpty   queue.o
    0x08002f94   0x08002f94   0x000000f0   Code   RO         4519    i.prvProcessReceivedCommands  timers.o
    0x08003084   0x08003084   0x000000c0   Code   RO         4520    i.prvProcessTimerOrBlockTask  timers.o
    0x08003144   0x08003144   0x00000020   Code   RO         4164    i.prvResetNextTaskUnblockTime  tasks.o
    0x08003164   0x08003164   0x00000028   Code   RO         4521    i.prvSampleTimeNow  timers.o
    0x0800318c   0x0800318c   0x0000006c   Code   RO         4522    i.prvSwitchTimerLists  timers.o
    0x080031f8   0x080031f8   0x00000028   Code   RO         5098    i.prvTaskExitError  port.o
    0x08003220   0x08003220   0x00000024   Code   RO         4523    i.prvTimerTask      timers.o
    0x08003244   0x08003244   0x0000006a   Code   RO         3796    i.prvUnlockQueue    queue.o
    0x080032ae   0x080032ae   0x00000002   PAD
    0x080032b0   0x080032b0   0x000000e8   Code   RO         5043    i.pvPortMalloc      heap_4.o
    0x08003398   0x08003398   0x00000024   Code   RO         5099    i.pxPortInitialiseStack  port.o
    0x080033bc   0x080033bc   0x00000026   Code   RO         3751    i.uxListRemove      list.o
    0x080033e2   0x080033e2   0x00000002   PAD
    0x080033e4   0x080033e4   0x00000014   Code   RO          245    i.vApplicationGetIdleTaskMemory  freertos.o
    0x080033f8   0x080033f8   0x00000018   Code   RO          246    i.vApplicationGetTimerTaskMemory  freertos.o
    0x08003410   0x08003410   0x00000002   Code   RO          247    i.vApplicationMallocFailedHook  freertos.o
    0x08003412   0x08003412   0x00000002   Code   RO          248    i.vApplicationStackOverflowHook  freertos.o
    0x08003414   0x08003414   0x00000016   Code   RO         3752    i.vListInitialise   list.o
    0x0800342a   0x0800342a   0x00000006   Code   RO         3753    i.vListInitialiseItem  list.o
    0x08003430   0x08003430   0x00000030   Code   RO         3754    i.vListInsert       list.o
    0x08003460   0x08003460   0x00000018   Code   RO         3755    i.vListInsertEnd    list.o
    0x08003478   0x08003478   0x00000040   Code   RO         5101    i.vPortEnterCritical  port.o
    0x080034b8   0x080034b8   0x00000028   Code   RO         5102    i.vPortExitCritical  port.o
    0x080034e0   0x080034e0   0x00000064   Code   RO         5044    i.vPortFree         heap_4.o
    0x08003544   0x08003544   0x00000024   Code   RO         5103    i.vPortSetupTimerInterrupt  port.o
    0x08003568   0x08003568   0x00000054   Code   RO         5104    i.vPortValidateInterruptPriority  port.o
    0x080035bc   0x080035bc   0x00000028   Code   RO         3802    i.vQueueAddToRegistry  queue.o
    0x080035e4   0x080035e4   0x00000044   Code   RO         3806    i.vQueueWaitForMessageRestricted  queue.o
    0x08003628   0x08003628   0x0000004c   Code   RO         4175    i.vTaskDelay        tasks.o
    0x08003674   0x08003674   0x00000010   Code   RO         4179    i.vTaskInternalSetTimeOutState  tasks.o
    0x08003684   0x08003684   0x0000000c   Code   RO         4181    i.vTaskMissedYield  tasks.o
    0x08003690   0x08003690   0x00000030   Code   RO         4183    i.vTaskPlaceOnEventList  tasks.o
    0x080036c0   0x080036c0   0x00000038   Code   RO         4184    i.vTaskPlaceOnEventListRestricted  tasks.o
    0x080036f8   0x080036f8   0x00000088   Code   RO         4192    i.vTaskStartScheduler  tasks.o
    0x08003780   0x08003780   0x00000010   Code   RO         4194    i.vTaskSuspendAll   tasks.o
    0x08003790   0x08003790   0x00000088   Code   RO         4195    i.vTaskSwitchContext  tasks.o
    0x08003818   0x08003818   0x000000a8   Code   RO         5105    i.xPortStartScheduler  port.o
    0x080038c0   0x080038c0   0x00000066   Code   RO         3810    i.xQueueGenericCreateStatic  queue.o
    0x08003926   0x08003926   0x00000002   PAD
    0x08003928   0x08003928   0x00000088   Code   RO         3811    i.xQueueGenericReset  queue.o
    0x080039b0   0x080039b0   0x00000160   Code   RO         3812    i.xQueueGenericSend  queue.o
    0x08003b10   0x08003b10   0x000000be   Code   RO         3813    i.xQueueGenericSendFromISR  queue.o
    0x08003bce   0x08003bce   0x00000002   PAD
    0x08003bd0   0x08003bd0   0x00000138   Code   RO         3819    i.xQueueReceive     queue.o
    0x08003d08   0x08003d08   0x00000074   Code   RO         4197    i.xTaskCheckForTimeOut  tasks.o
    0x08003d7c   0x08003d7c   0x0000005a   Code   RO         4198    i.xTaskCreate       tasks.o
    0x08003dd6   0x08003dd6   0x00000056   Code   RO         4199    i.xTaskCreateStatic  tasks.o
    0x08003e2c   0x08003e2c   0x0000001c   Code   RO         4203    i.xTaskGetSchedulerState  tasks.o
    0x08003e48   0x08003e48   0x0000000c   Code   RO         4204    i.xTaskGetTickCount  tasks.o
    0x08003e54   0x08003e54   0x000000cc   Code   RO         4206    i.xTaskIncrementTick  tasks.o
    0x08003f20   0x08003f20   0x00000098   Code   RO         4209    i.xTaskPriorityDisinherit  tasks.o
    0x08003fb8   0x08003fb8   0x00000074   Code   RO         4211    i.xTaskRemoveFromEventList  tasks.o
    0x0800402c   0x0800402c   0x000000c4   Code   RO         4212    i.xTaskResumeAll    tasks.o
    0x080040f0   0x080040f0   0x00000060   Code   RO         4532    i.xTimerCreateTimerTask  timers.o
    0x08004150   0x08004150   0x00000060   Code   RO         4533    i.xTimerGenericCommand  timers.o
    0x080041b0   0x080041b0   0x0000002c   Data   RO          250    .constdata          freertos.o
    0x080041dc   0x080041dc   0x00000400   Data   RO          872    .constdata          utils.o
    0x080045dc   0x080045dc   0x00000012   Data   RO         1149    .constdata          stm32f1xx_hal_rcc.o
    0x080045ee   0x080045ee   0x00000010   Data   RO         3598    .constdata          system_stm32f1xx.o
    0x080045fe   0x080045fe   0x00000008   Data   RO         3599    .constdata          system_stm32f1xx.o
    0x08004606   0x08004606   0x00000028   Data   RO         5197    .constdata          c_w.l(_printf_hex_int.o)
    0x0800462e   0x0800462e   0x00000011   Data   RO         5232    .constdata          c_w.l(__printf_flags_ss_wp.o)
    0x0800463f   0x0800463f   0x00000001   PAD
    0x08004640   0x08004640   0x0000000c   Data   RO          251    .conststring        freertos.o
    0x0800464c   0x0800464c   0x00000020   Data   RO         5430    Region$$Table       anon$$obj.o


    Execution Region RW_IRAM1 (Exec base: 0x20000000, Load base: 0x0800466c, Size: 0x000039c0, Max: 0x00005000, ABSOLUTE)

    Exec Addr    Load Addr    Size         Type   Attr      Idx    E Section Name        Object

    0x20000000   0x0800466c   0x00000004   Data   RW          252    .data               freertos.o
    0x20000004   0x08004670   0x00000001   Data   RW          671    .data               bsp_uart.o
    0x20000005   0x08004671   0x00000003   PAD
    0x20000008   0x08004674   0x0000000c   Data   RW          986    .data               stm32f1xx_hal.o
    0x20000014   0x08004680   0x00000004   Data   RW         3600    .data               system_stm32f1xx.o
    0x20000018   0x08004684   0x0000003c   Data   RW         4215    .data               tasks.o
    0x20000054   0x080046c0   0x00000014   Data   RW         4539    .data               timers.o
    0x20000068   0x080046d4   0x00000020   Data   RW         5050    .data               heap_4.o
    0x20000088   0x080046f4   0x0000000c   Data   RW         5106    .data               port.o
    0x20000094        -       0x000006b8   Zero   RW          249    .bss                freertos.o
    0x2000074c        -       0x00000058   Zero   RW          446    .bss                spi.o
    0x200007a4        -       0x00000048   Zero   RW          488    .bss                usart.o
    0x200007ec        -       0x00000048   Zero   RW          624    .bss                stm32f1xx_hal_timebase_tim.o
    0x20000834        -       0x00000106   Zero   RW          670    .bss                bsp_uart.o
    0x2000093a   0x08004700   0x00000002   PAD
    0x2000093c        -       0x00000040   Zero   RW         3822    .bss                queue.o
    0x2000097c        -       0x000000f0   Zero   RW         4214    .bss                tasks.o
    0x20000a6c        -       0x000000f0   Zero   RW         4538    .bss                timers.o
    0x20000b5c        -       0x00002800   Zero   RW         5049    .bss                heap_4.o
    0x2000335c        -       0x00000060   Zero   RW         5302    .bss                c_w.l(libspace.o)
    0x200033bc   0x08004700   0x00000004   PAD
    0x200033c0        -       0x00000200   Zero   RW            2    HEAP                startup_stm32f103xb.o
    0x200035c0        -       0x00000400   Zero   RW            1    STACK               startup_stm32f103xb.o


==============================================================================

Image component sizes


      Code (inc. data)   RO Data    RW Data    ZI Data      Debug   Object Name

       350          8          0          0          0       4151   bsp_flash.o
        70         16          0          0          0       1637   bsp_spi.o
       206         34          0          1        262       3852   bsp_uart.o
       120          0          0          0          0      23029   cmsis_os.o
         0          0          0          0          0      19960   event_groups.o
      1068        630         56          4       1720      33382   freertos.o
       160         12          0          0          0        907   gpio.o
       484         26          0         32      10240       4623   heap_4.o
       138          0          0          0          0       3226   list.o
       358        160          0          0          0     449600   main.o
       662         70          0         12          0      10741   port.o
      1514         20          0          0         64      16640   queue.o
       184         24          0          0         88       1541   spi.o
        64         26        236          0       1536        784   startup_stm32f103xb.o
        64         14          0         12          0       4470   stm32f1xx_hal.o
       158         14          0          0          0      28042   stm32f1xx_hal_cortex.o
       222          4          0          0          0       1687   stm32f1xx_hal_dma.o
       490         34          0          0          0       2808   stm32f1xx_hal_gpio.o
        72         10          0          0          0        814   stm32f1xx_hal_msp.o
      1304         94         18          0          0       5541   stm32f1xx_hal_rcc.o
       910          4          0          0          0       4525   stm32f1xx_hal_spi.o
       612         24          0          0          0       6892   stm32f1xx_hal_tim.o
         4          0          0          0          0       1497   stm32f1xx_hal_tim_ex.o
       140         22          0          0         72       1339   stm32f1xx_hal_timebase_tim.o
      1554         10          0          0          0      10564   stm32f1xx_hal_uart.o
        36         12          0          0          0       3234   stm32f1xx_it.o
         0          0          0          0          0        396   stream_buffer.o
         2          0         24          4          0       1035   system_stm32f1xx.o
      2172        158          0         60        240      25640   tasks.o
       952         80          0         20        240      29451   timers.o
       184         20          0          0         72       1574   usart.o
       384          4       1024          0          0       4575   utils.o

    ----------------------------------------------------------------------
     14668       1530       1390        148      14536     708157   Object Totals
         0          0         32          0          0          0   (incl. Generated)
        30          0          0          3          2          0   (incl. Padding)

    ----------------------------------------------------------------------

      Code (inc. data)   RO Data    RW Data    ZI Data      Debug   Library Member Name

         8          0          0          0          0         68   __main.o
       392          4         17          0          0         92   __printf_flags_ss_wp.o
        14          0          0          0          0         68   __printf_wp.o
         0          0          0          0          0          0   __rtentry.o
        12          0          0          0          0          0   __rtentry2.o
         6          0          0          0          0          0   __rtentry4.o
        52          8          0          0          0          0   __scatter.o
        26          0          0          0          0          0   __scatter_copy.o
        28          0          0          0          0          0   __scatter_zi.o
        44          0          0          0          0        108   _printf_char.o
        48          6          0          0          0         96   _printf_char_common.o
         6          0          0          0          0          0   _printf_d.o
       120         16          0          0          0         92   _printf_dec.o
        88          4         40          0          0         88   _printf_hex_int.o
       178          0          0          0          0         88   _printf_intcommon.o
        78          0          0          0          0        108   _printf_pad.o
         0          0          0          0          0          0   _printf_percent.o
         4          0          0          0          0          0   _printf_percent_end.o
         6          0          0          0          0          0   _printf_s.o
        82          0          0          0          0         80   _printf_str.o
         6          0          0          0          0          0   _printf_x.o
        16          0          0          0          0         68   _snputc.o
        10          0          0          0          0         68   _sputc.o
        16          0          0          0          0         68   aeabi_memset.o
        18          0          0          0          0         80   exit.o
         6          0          0          0          0        152   heapauxi.o
         0          0          0          0          0          0   indicate_semi.o
         2          0          0          0          0          0   libinit.o
         2          0          0          0          0          0   libinit2.o
         2          0          0          0          0          0   libshutdown.o
         2          0          0          0          0          0   libshutdown2.o
         8          4          0          0         96         68   libspace.o
        88          0          0          0          0         76   memcmp.o
        52          4          0          0          0         84   noretval__2snprintf.o
        68          0          0          0          0         68   rt_memclr.o
        78          0          0          0          0         80   rt_memclr_w.o
       138          0          0          0          0         68   rt_memcpy_v6.o
       100          0          0          0          0         80   rt_memcpy_w.o
         2          0          0          0          0          0   rtexit.o
        10          0          0          0          0          0   rtexit2.o
        12          4          0          0          0         68   sys_exit.o
        74          0          0          0          0         80   sys_stackheap_outer.o
         2          0          0          0          0         68   use_no_semi.o

    ----------------------------------------------------------------------
      1912         50         58          0        100       2064   Library Totals
         8          0          1          0          4          0   (incl. Padding)

    ----------------------------------------------------------------------

      Code (inc. data)   RO Data    RW Data    ZI Data      Debug   Library Name

      1904         50         57          0         96       2064   c_w.l

    ----------------------------------------------------------------------
      1912         50         58          0        100       2064   Library Totals

    ----------------------------------------------------------------------

==============================================================================


      Code (inc. data)   RO Data    RW Data    ZI Data      Debug   

     16580       1580       1448        148      14636     701065   Grand Totals
     16580       1580       1448        148      14636     701065   ELF Image Totals
     16580       1580       1448        148          0          0   ROM Totals

==============================================================================

    Total RO  Size (Code + RO Data)                18028 (  17.61kB)
    Total RW  Size (RW Data + ZI Data)             14784 (  14.44kB)
    Total ROM Size (Code + RO Data + RW Data)      18176 (  17.75kB)

==============================================================================

